Archive member included because of file (symbol)

c:/program files/eclipsearm/sourcery-g++-lite-arm-2011.03/bin/../lib/gcc/arm-none-eabi/4.5.2\libgcc.a(_divsi3.o)
                              ./common/44blib.o (__aeabi_idiv)
c:/program files/eclipsearm/sourcery-g++-lite-arm-2011.03/bin/../lib/gcc/arm-none-eabi/4.5.2\libgcc.a(_dvmd_tls.o)
                              c:/program files/eclipsearm/sourcery-g++-lite-arm-2011.03/bin/../lib/gcc/arm-none-eabi/4.5.2\libgcc.a(_divsi3.o) (__aeabi_idiv0)

Allocating common symbols
Common symbol       size              file

fileSize            0x4               ./common/44blib.o
downPt              0x4               ./common/44blib.o

Memory Configuration

Name             Origin             Length             Attributes
*default*        0x00000000         0xffffffff

Linker script and memory map

LOAD ./common/44binit.o
LOAD ./common/44blib.o
LOAD ./8led.o
LOAD ./button.o
LOAD ./cola.o
LOAD ./init_b.o
LOAD ./led.o
LOAD ./main.o
LOAD ./sudoku_2025.o
LOAD ./timer.o
LOAD ./timer1.o
LOAD ./timer2.o
LOAD ./timer3.o
START GROUP
LOAD c:/program files/eclipsearm/sourcery-g++-lite-arm-2011.03/bin/../lib/gcc/arm-none-eabi/4.5.2\libgcc.a
LOAD c:/program files/eclipsearm/sourcery-g++-lite-arm-2011.03/bin/../lib/gcc/arm-none-eabi/4.5.2/../../../../arm-none-eabi/lib\libc.a
END GROUP
                0x0c000000                . = 0xc000000
                0x0c000000                Image_RO_Base = .

.text           0x0c000000     0x2d08
 *(.text)
 .text          0x0c000000      0x70c ./common/44binit.o
 .text          0x0c00070c      0x46c ./common/44blib.o
                0x0c00070c                Delay
                0x0c000844                DelayMs
                0x0c0008a8                Port_Init
                0x0c000a38                malloc
                0x0c000ad8                free
                0x0c000b08                sys_init
 .text          0x0c000b78       0x78 ./8led.o
                0x0c000b78                D8Led_init
                0x0c000b9c                D8Led_symbol
 .text          0x0c000bf0      0x2e4 ./button.o
                0x0c000cb4                Eint4567_ISR
                0x0c000d64                Eint4567_init
                0x0c000e54                reiniciar_cuenta
                0x0c000e7c                obtener_cuenta
                0x0c000ea4                establecer_cuenta
 .text          0x0c000ed4      0x270 ./cola.o
                0x0c000ed4                cola_init
                0x0c000fc8                cola_depuracion
                0x0c0010ec                cola_get_num_eventos
                0x0c001118                cola_get_indice
 .text          0x0c001144      0x48c ./init_b.o
                0x0c001144                candidatos_propagar_arm
                0x0c00125c                candidatos_actualizar_arm_arm
                0x0c00133c                candidatos_actualizar_arm_c
                0x0c00141c                candidatos_actualizar_all
 .text          0x0c0015d0      0x23c ./led.o
                0x0c0015d0                leds_on
                0x0c0015f0                leds_off
                0x0c001610                led1_on
                0x0c001650                led1_off
                0x0c001690                led2_on
                0x0c0016d0                led2_off
                0x0c001710                leds_switch
                0x0c001750                Led_Display
 .text          0x0c00180c       0x40 ./main.o
                0x0c00180c                Main
 .text          0x0c00184c      0x874 ./sudoku_2025.o
                0x0c0018f0                candidatos_propagar_c
                0x0c001ec4                sudoku9x9
                0x0c002058                main
 .text          0x0c0020c0      0x108 ./timer.o
                0x0c0020c0                timer_ISR
                0x0c002108                timer_init
 .text          0x0c0021c8      0x1ac ./timer1.o
                0x0c0021c8                timer1_ISR
                0x0c00226c                timer1_init
 .text          0x0c002374      0x27c ./timer2.o
                0x0c002374                timer2_ISR
                0x0c0023c4                timer2_init
                0x0c0024ec                timer2_start
                0x0c00257c                timer2_count
 .text          0x0c0025f0      0x5cc ./timer3.o
                0x0c0027a0                timer3_init
                0x0c0028cc                timer3_start_antirrebote
                0x0c0029c8                timer3_esta_ocupado
                0x0c002a00                timer3_ISR
 .text          0x0c002bbc      0x148 c:/program files/eclipsearm/sourcery-g++-lite-arm-2011.03/bin/../lib/gcc/arm-none-eabi/4.5.2\libgcc.a(_divsi3.o)
                0x0c002bbc                __divsi3
                0x0c002bbc                __aeabi_idiv
                0x0c002ce4                __aeabi_idivmod
 .text          0x0c002d04        0x4 c:/program files/eclipsearm/sourcery-g++-lite-arm-2011.03/bin/../lib/gcc/arm-none-eabi/4.5.2\libgcc.a(_dvmd_tls.o)
                0x0c002d04                __aeabi_idiv0
                0x0c002d04                __aeabi_ldiv0

.glue_7         0x0c002d08        0x0
 .glue_7        0x00000000        0x0 linker stubs

.glue_7t        0x0c002d08        0x0
 .glue_7t       0x00000000        0x0 linker stubs

.vfp11_veneer   0x0c002d08        0x0
 .vfp11_veneer  0x00000000        0x0 linker stubs

.v4_bx          0x0c002d08        0x0
 .v4_bx         0x00000000        0x0 linker stubs
                0x0c002d08                . = ALIGN (0x4)
                0x0c002d08                Image_RO_Limit = .
                0x0c002d08                Image_RW_Base = .

.data           0x0c002d20     0x14c0
 *(.data)
 .data          0x0c002d20        0x6 ./common/44binit.o
                0x0c002d20                BDRAMTYPE
 *fill*         0x0c002d26        0x2 00
 .data          0x0c002d28        0xc ./common/44blib.o
                0x0c002d28                mallocPt
                0x0c002d2c                run
 .data          0x0c002d34       0x44 ./8led.o
 .data          0x0c002d78        0x0 ./button.o
 .data          0x0c002d78        0x4 ./cola.o
                0x0c002d78                cola_global
 .data          0x0c002d7c        0x0 ./init_b.o
 .data          0x0c002d7c        0x0 ./led.o
 *fill*         0x0c002d7c        0x4 00
 .data          0x0c002d80      0x6e0 ./main.o
                0x0c003440                cuadricula
 .data          0x0c003460      0x6c0 ./sudoku_2025.o
 .data          0x0c003b20        0x0 ./timer.o
 .data          0x0c003b20        0x0 ./timer1.o
 .data          0x0c003b20        0x0 ./timer2.o
 .data          0x0c003b20      0x6c0 ./timer3.o
 .data          0x0c0041e0        0x0 c:/program files/eclipsearm/sourcery-g++-lite-arm-2011.03/bin/../lib/gcc/arm-none-eabi/4.5.2\libgcc.a(_divsi3.o)
 .data          0x0c0041e0        0x0 c:/program files/eclipsearm/sourcery-g++-lite-arm-2011.03/bin/../lib/gcc/arm-none-eabi/4.5.2\libgcc.a(_dvmd_tls.o)

.rodata         0x0c0041e0        0xc
 *(.rodata)
 .rodata        0x0c0041e0        0xc ./sudoku_2025.o
                0x0c0041ec                Image_RW_Limit = .
                0x0c0041ec                . = ALIGN (0x4)
                0x0c0041ec                Image_ZI_Base = .

.bss            0x0c0041ec       0x50
 *(.bss)
 .bss           0x0c0041ec        0x0 ./common/44binit.o
 .bss           0x0c0041ec        0x4 ./common/44blib.o
                0x0c0041ec                restart
 .bss           0x0c0041f0        0x0 ./8led.o
 .bss           0x0c0041f0        0x0 ./button.o
 .bss           0x0c0041f0        0x0 ./cola.o
 .bss           0x0c0041f0        0x0 ./init_b.o
 .bss           0x0c0041f0        0x4 ./led.o
 .bss           0x0c0041f4        0x4 ./main.o
                0x0c0041f4                celdas_vacias
 .bss           0x0c0041f8        0x0 ./sudoku_2025.o
 .bss           0x0c0041f8        0x4 ./timer.o
                0x0c0041f8                switch_leds
 .bss           0x0c0041fc        0x8 ./timer1.o
 .bss           0x0c004204        0x4 ./timer2.o
 .bss           0x0c004208       0x2c ./timer3.o
                0x0c004220                estado_sudoku
                0x0c004224                int_count
                0x0c004228                fila
                0x0c00422c                columna
                0x0c004230                valor
 .bss           0x0c004234        0x0 c:/program files/eclipsearm/sourcery-g++-lite-arm-2011.03/bin/../lib/gcc/arm-none-eabi/4.5.2\libgcc.a(_divsi3.o)
 .bss           0x0c004234        0x0 c:/program files/eclipsearm/sourcery-g++-lite-arm-2011.03/bin/../lib/gcc/arm-none-eabi/4.5.2\libgcc.a(_dvmd_tls.o)
 COMMON         0x0c004234        0x8 ./common/44blib.o
                0x0c004234                fileSize
                0x0c004238                downPt
                0x0c00423c                Image_ZI_Limit = .
                0x0c00423c                __bss_start__ = .
                0x0c00423c                __bss_end__ = .
                0x0c00423c                __EH_FRAME_BEGIN__ = .
                0x0c00423c                __EH_FRAME_END__ = .
                0x0c00423c                PROVIDE (__stack, .)
                0x0c00423c                end = .
                0x0c00423c                _end = .

.ARM.attributes
                0x00000000       0x2e
 .ARM.attributes
                0x00000000       0x22 ./common/44binit.o
 .ARM.attributes
                0x00000022       0x32 ./common/44blib.o
 .ARM.attributes
                0x00000054       0x32 ./8led.o
 .ARM.attributes
                0x00000086       0x32 ./button.o
 .ARM.attributes
                0x000000b8       0x32 ./cola.o
 .ARM.attributes
                0x000000ea       0x22 ./init_b.o
 .ARM.attributes
                0x0000010c       0x32 ./led.o
 .ARM.attributes
                0x0000013e       0x32 ./main.o
 .ARM.attributes
                0x00000170       0x32 ./sudoku_2025.o
 .ARM.attributes
                0x000001a2       0x32 ./timer.o
 .ARM.attributes
                0x000001d4       0x32 ./timer1.o
 .ARM.attributes
                0x00000206       0x32 ./timer2.o
 .ARM.attributes
                0x00000238       0x32 ./timer3.o
 .ARM.attributes
                0x0000026a       0x1a c:/program files/eclipsearm/sourcery-g++-lite-arm-2011.03/bin/../lib/gcc/arm-none-eabi/4.5.2\libgcc.a(_divsi3.o)
 .ARM.attributes
                0x00000284       0x18 c:/program files/eclipsearm/sourcery-g++-lite-arm-2011.03/bin/../lib/gcc/arm-none-eabi/4.5.2\libgcc.a(_dvmd_tls.o)

.comment        0x00000000       0x2a
 .comment       0x00000000       0x2a ./common/44blib.o
                                 0x2b (size before relaxing)
 .comment       0x00000000       0x2b ./8led.o
 .comment       0x00000000       0x2b ./button.o
 .comment       0x00000000       0x2b ./cola.o
 .comment       0x00000000       0x2b ./led.o
 .comment       0x00000000       0x2b ./main.o
 .comment       0x00000000       0x2b ./sudoku_2025.o
 .comment       0x00000000       0x2b ./timer.o
 .comment       0x00000000       0x2b ./timer1.o
 .comment       0x00000000       0x2b ./timer2.o
 .comment       0x00000000       0x2b ./timer3.o

.debug_info     0x00000000     0x14a4
 *(.debug_info)
 .debug_info    0x00000000       0x6c ./common/44binit.o
 .debug_info    0x0000006c      0x229 ./common/44blib.o
 .debug_info    0x00000295      0x10d ./8led.o
 .debug_info    0x000003a2      0x177 ./button.o
 .debug_info    0x00000519      0x1d4 ./cola.o
 .debug_info    0x000006ed       0x64 ./init_b.o
 .debug_info    0x00000751       0xf6 ./led.o
 .debug_info    0x00000847      0x242 ./main.o
 .debug_info    0x00000a89      0x49f ./sudoku_2025.o
 .debug_info    0x00000f28       0x7a ./timer.o
 .debug_info    0x00000fa2       0x82 ./timer1.o
 .debug_info    0x00001024       0xea ./timer2.o
 .debug_info    0x0000110e      0x396 ./timer3.o

.debug_line     0x00000000     0x14b9
 *(.debug_line)
 .debug_line    0x00000000      0x10f ./common/44binit.o
 .debug_line    0x0000010f      0x3a7 ./common/44blib.o
 .debug_line    0x000004b6       0xa2 ./8led.o
 .debug_line    0x00000558      0x218 ./button.o
 .debug_line    0x00000770      0x199 ./cola.o
 .debug_line    0x00000909      0x16d ./init_b.o
 .debug_line    0x00000a76       0xb5 ./led.o
 .debug_line    0x00000b2b      0x250 ./main.o
 .debug_line    0x00000d7b      0x2a4 ./sudoku_2025.o
 .debug_line    0x0000101f       0xb2 ./timer.o
 .debug_line    0x000010d1       0xc0 ./timer1.o
 .debug_line    0x00001191       0xc3 ./timer2.o
 .debug_line    0x00001254      0x265 ./timer3.o

.debug_abbrev   0x00000000      0x83c
 *(.debug_abbrev)
 .debug_abbrev  0x00000000       0x14 ./common/44binit.o
 .debug_abbrev  0x00000014      0x11f ./common/44blib.o
 .debug_abbrev  0x00000133       0xa7 ./8led.o
 .debug_abbrev  0x000001da       0xdd ./button.o
 .debug_abbrev  0x000002b7       0xeb ./cola.o
 .debug_abbrev  0x000003a2       0x14 ./init_b.o
 .debug_abbrev  0x000003b6       0x69 ./led.o
 .debug_abbrev  0x0000041f       0xdb ./main.o
 .debug_abbrev  0x000004fa      0x103 ./sudoku_2025.o
 .debug_abbrev  0x000005fd       0x58 ./timer.o
 .debug_abbrev  0x00000655       0x4c ./timer1.o
 .debug_abbrev  0x000006a1       0x65 ./timer2.o
 .debug_abbrev  0x00000706      0x136 ./timer3.o

.debug_frame    0x00000000      0x764
 *(.debug_frame)
 .debug_frame   0x00000000       0xd0 ./common/44blib.o
 .debug_frame   0x000000d0       0x50 ./8led.o
 .debug_frame   0x00000120       0xdc ./button.o
 .debug_frame   0x000001fc       0x90 ./cola.o
 .debug_frame   0x0000028c      0x110 ./led.o
 .debug_frame   0x0000039c       0x30 ./main.o
 .debug_frame   0x000003cc      0x110 ./sudoku_2025.o
 .debug_frame   0x000004dc       0x58 ./timer.o
 .debug_frame   0x00000534       0x5c ./timer1.o
 .debug_frame   0x00000590       0x98 ./timer2.o
 .debug_frame   0x00000628      0x11c ./timer3.o
 .debug_frame   0x00000744       0x20 c:/program files/eclipsearm/sourcery-g++-lite-arm-2011.03/bin/../lib/gcc/arm-none-eabi/4.5.2\libgcc.a(_divsi3.o)
OUTPUT(practica2.elf elf32-littlearm)

.debug_aranges  0x00000000      0x1a0
 .debug_aranges
                0x00000000       0x20 ./common/44binit.o
 .debug_aranges
                0x00000020       0x20 ./common/44blib.o
 .debug_aranges
                0x00000040       0x20 ./8led.o
 .debug_aranges
                0x00000060       0x20 ./button.o
 .debug_aranges
                0x00000080       0x20 ./cola.o
 .debug_aranges
                0x000000a0       0x20 ./init_b.o
 .debug_aranges
                0x000000c0       0x20 ./led.o
 .debug_aranges
                0x000000e0       0x20 ./main.o
 .debug_aranges
                0x00000100       0x20 ./sudoku_2025.o
 .debug_aranges
                0x00000120       0x20 ./timer.o
 .debug_aranges
                0x00000140       0x20 ./timer1.o
 .debug_aranges
                0x00000160       0x20 ./timer2.o
 .debug_aranges
                0x00000180       0x20 ./timer3.o

.debug_macinfo  0x00000000    0x3b0ce
 .debug_macinfo
                0x00000000     0x8301 ./common/44blib.o
 .debug_macinfo
                0x00008301     0x50b0 ./8led.o
 .debug_macinfo
                0x0000d3b1     0x5b8c ./button.o
 .debug_macinfo
                0x00012f3d     0x2a30 ./cola.o
 .debug_macinfo
                0x0001596d     0x50af ./led.o
 .debug_macinfo
                0x0001aa1c     0x6b26 ./main.o
 .debug_macinfo
                0x00021542     0x3dc9 ./sudoku_2025.o
 .debug_macinfo
                0x0002530b     0x50c0 ./timer.o
 .debug_macinfo
                0x0002a3cb     0x5100 ./timer1.o
 .debug_macinfo
                0x0002f4cb     0x50b2 ./timer2.o
 .debug_macinfo
                0x0003457d     0x6b51 ./timer3.o

.debug_loc      0x00000000      0x8c4
 .debug_loc     0x00000000      0x108 ./common/44blib.o
 .debug_loc     0x00000108       0x58 ./8led.o
 .debug_loc     0x00000160      0x108 ./button.o
 .debug_loc     0x00000268       0xb0 ./cola.o
 .debug_loc     0x00000318      0x160 ./led.o
 .debug_loc     0x00000478       0x2c ./main.o
 .debug_loc     0x000004a4      0x160 ./sudoku_2025.o
 .debug_loc     0x00000604       0x58 ./timer.o
 .debug_loc     0x0000065c       0x58 ./timer1.o
 .debug_loc     0x000006b4       0xb0 ./timer2.o
 .debug_loc     0x00000764      0x160 ./timer3.o

.debug_pubnames
                0x00000000      0x40a
 .debug_pubnames
                0x00000000       0x90 ./common/44blib.o
 .debug_pubnames
                0x00000090       0x32 ./8led.o
 .debug_pubnames
                0x000000c2       0x73 ./button.o
 .debug_pubnames
                0x00000135       0x71 ./cola.o
 .debug_pubnames
                0x000001a6       0x7d ./led.o
 .debug_pubnames
                0x00000223       0x3c ./main.o
 .debug_pubnames
                0x0000025f       0x43 ./sudoku_2025.o
 .debug_pubnames
                0x000002a2       0x3f ./timer.o
 .debug_pubnames
                0x000002e1       0x31 ./timer1.o
 .debug_pubnames
                0x00000312       0x53 ./timer2.o
 .debug_pubnames
                0x00000365       0xa5 ./timer3.o

.debug_pubtypes
                0x00000000      0x193
 .debug_pubtypes
                0x00000000       0x12 ./common/44blib.o
 .debug_pubtypes
                0x00000012       0x1e ./button.o
 .debug_pubtypes
                0x00000030       0x48 ./cola.o
 .debug_pubtypes
                0x00000078       0x5f ./main.o
 .debug_pubtypes
                0x000000d7       0x40 ./sudoku_2025.o
 .debug_pubtypes
                0x00000117       0x7c ./timer3.o

.debug_str      0x00000000      0x834
 .debug_str     0x00000000      0x126 ./common/44blib.o
                                0x164 (size before relaxing)
 .debug_str     0x00000126       0x6c ./8led.o
                                 0xb2 (size before relaxing)
 .debug_str     0x00000192       0xb9 ./button.o
                                0x17c (size before relaxing)
 .debug_str     0x0000024b       0xa7 ./cola.o
                                0x180 (size before relaxing)
 .debug_str     0x000002f2       0x68 ./led.o
                                 0xa1 (size before relaxing)
 .debug_str     0x0000035a       0xad ./main.o
                                0x1f0 (size before relaxing)
 .debug_str     0x00000407      0x13e ./sudoku_2025.o
                                0x2b9 (size before relaxing)
 .debug_str     0x00000545       0x2c ./timer.o
                                 0x65 (size before relaxing)
 .debug_str     0x00000571       0x42 ./timer1.o
                                 0x88 (size before relaxing)
 .debug_str     0x000005b3       0x9b ./timer2.o
                                 0xe1 (size before relaxing)
 .debug_str     0x0000064e      0x1e6 ./timer3.o
                                0x39f (size before relaxing)
