Archive member included because of file (symbol)

c:/program files/eclipsearm/sourcery-g++-lite-arm-2011.03/bin/../lib/gcc/arm-none-eabi/4.5.2\libgcc.a(_divsi3.o)
                              ./common/44blib.o (__aeabi_idiv)
c:/program files/eclipsearm/sourcery-g++-lite-arm-2011.03/bin/../lib/gcc/arm-none-eabi/4.5.2\libgcc.a(_dvmd_tls.o)
                              c:/program files/eclipsearm/sourcery-g++-lite-arm-2011.03/bin/../lib/gcc/arm-none-eabi/4.5.2\libgcc.a(_divsi3.o) (__aeabi_idiv0)

Allocating common symbols
Common symbol       size              file

fileSize            0x4               ./common/44blib.o
downPt              0x4               ./common/44blib.o

Memory Configuration

Name             Origin             Length             Attributes
*default*        0x00000000         0xffffffff

Linker script and memory map

LOAD ./common/44binit.o
LOAD ./common/44blib.o
LOAD ./8led.o
LOAD ./button.o
LOAD ./cola.o
LOAD ./init_b.o
LOAD ./led.o
LOAD ./main.o
LOAD ./sudoku_2025.o
LOAD ./timer.o
LOAD ./timer1.o
LOAD ./timer2.o
LOAD ./timer3.o
START GROUP
LOAD c:/program files/eclipsearm/sourcery-g++-lite-arm-2011.03/bin/../lib/gcc/arm-none-eabi/4.5.2\libgcc.a
LOAD c:/program files/eclipsearm/sourcery-g++-lite-arm-2011.03/bin/../lib/gcc/arm-none-eabi/4.5.2/../../../../arm-none-eabi/lib\libc.a
END GROUP
                0x0c000000                . = 0xc000000
                0x0c000000                Image_RO_Base = .

.text           0x0c000000     0x345c
 *(.text)
 .text          0x0c000000      0x70c ./common/44binit.o
 .text          0x0c00070c      0x46c ./common/44blib.o
                0x0c00070c                Delay
                0x0c000844                DelayMs
                0x0c0008a8                Port_Init
                0x0c000a38                malloc
                0x0c000ad8                free
                0x0c000b08                sys_init
 .text          0x0c000b78       0x78 ./8led.o
                0x0c000b78                D8Led_init
                0x0c000b9c                D8Led_symbol
 .text          0x0c000bf0      0x47c ./button.o
                0x0c000ecc                Eint4567_ISR
                0x0c000f7c                Eint4567_init
 .text          0x0c00106c      0x270 ./cola.o
                0x0c00106c                cola_init
                0x0c001160                cola_depuracion
                0x0c001284                cola_get_num_eventos
                0x0c0012b0                cola_get_indice
 .text          0x0c0012dc      0x4a8 ./init_b.o
                0x0c0012dc                start
                0x0c0012f4                candidatos_propagar_arm
                0x0c00140c                candidatos_actualizar_arm_arm
                0x0c0014ec                candidatos_actualizar_arm_c
                0x0c0015cc                candidatos_actualizar_all
 .text          0x0c001784      0x23c ./led.o
                0x0c001784                leds_on
                0x0c0017a4                leds_off
                0x0c0017c4                led1_on
                0x0c001804                led1_off
                0x0c001844                led2_on
                0x0c001884                led2_off
                0x0c0018c4                leds_switch
                0x0c001904                Led_Display
 .text          0x0c0019c0      0x5b4 ./main.o
                0x0c001a70                Main
 .text          0x0c001f74      0x8a0 ./sudoku_2025.o
                0x0c002018                candidatos_propagar_c
                0x0c002618                sudoku9x9
                0x0c0027ac                main
 .text          0x0c002814      0x108 ./timer.o
                0x0c002814                timer_ISR
                0x0c00285c                timer_init
 .text          0x0c00291c      0x1ac ./timer1.o
                0x0c00291c                timer1_ISR
                0x0c0029c0                timer1_init
 .text          0x0c002ac8      0x27c ./timer2.o
                0x0c002ac8                timer2_ISR
                0x0c002b18                timer2_init
                0x0c002c40                timer2_start
                0x0c002cd0                timer2_count
 .text          0x0c002d44      0x5cc ./timer3.o
                0x0c002ef8                timer3_init
                0x0c003024                timer3_start_antirrebote
                0x0c003120                timer3_esta_ocupado
                0x0c003158                timer3_ISR
 .text          0x0c003310      0x148 c:/program files/eclipsearm/sourcery-g++-lite-arm-2011.03/bin/../lib/gcc/arm-none-eabi/4.5.2\libgcc.a(_divsi3.o)
                0x0c003310                __divsi3
                0x0c003310                __aeabi_idiv
                0x0c003438                __aeabi_idivmod
 .text          0x0c003458        0x4 c:/program files/eclipsearm/sourcery-g++-lite-arm-2011.03/bin/../lib/gcc/arm-none-eabi/4.5.2\libgcc.a(_dvmd_tls.o)
                0x0c003458                __aeabi_idiv0
                0x0c003458                __aeabi_ldiv0

.glue_7         0x0c00345c        0x0
 .glue_7        0x00000000        0x0 linker stubs

.glue_7t        0x0c00345c        0x0
 .glue_7t       0x00000000        0x0 linker stubs

.vfp11_veneer   0x0c00345c        0x0
 .vfp11_veneer  0x00000000        0x0 linker stubs

.v4_bx          0x0c00345c        0x0
 .v4_bx         0x00000000        0x0 linker stubs
                0x0c00345c                . = ALIGN (0x4)
                0x0c00345c                Image_RO_Limit = .
                0x0c00345c                Image_RW_Base = .

.data           0x0c003460     0x14c0
 *(.data)
 .data          0x0c003460        0x6 ./common/44binit.o
                0x0c003460                BDRAMTYPE
 *fill*         0x0c003466        0x2 00
 .data          0x0c003468        0xc ./common/44blib.o
                0x0c003468                mallocPt
                0x0c00346c                run
 .data          0x0c003474       0x44 ./8led.o
 *fill*         0x0c0034b8        0x8 00
 .data          0x0c0034c0      0x6c0 ./button.o
 .data          0x0c003b80        0x4 ./cola.o
                0x0c003b80                cola_global
 .data          0x0c003b84        0x0 ./init_b.o
 .data          0x0c003b84        0x0 ./led.o
 *fill*         0x0c003b84       0x1c 00
 .data          0x0c003ba0      0x6c0 ./main.o
 .data          0x0c004260      0x6c0 ./sudoku_2025.o
 .data          0x0c004920        0x0 ./timer.o
 .data          0x0c004920        0x0 ./timer1.o
 .data          0x0c004920        0x0 ./timer2.o
 .data          0x0c004920        0x0 ./timer3.o
 .data          0x0c004920        0x0 c:/program files/eclipsearm/sourcery-g++-lite-arm-2011.03/bin/../lib/gcc/arm-none-eabi/4.5.2\libgcc.a(_divsi3.o)
 .data          0x0c004920        0x0 c:/program files/eclipsearm/sourcery-g++-lite-arm-2011.03/bin/../lib/gcc/arm-none-eabi/4.5.2\libgcc.a(_dvmd_tls.o)

.rodata         0x0c004920        0xc
 *(.rodata)
 .rodata        0x0c004920        0xc ./sudoku_2025.o
                0x0c00492c                Image_RW_Limit = .
                0x0c00492c                . = ALIGN (0x4)
                0x0c00492c                Image_ZI_Base = .

.bss            0x0c00492c       0x50
 *(.bss)
 .bss           0x0c00492c        0x0 ./common/44binit.o
 .bss           0x0c00492c        0x4 ./common/44blib.o
                0x0c00492c                restart
 .bss           0x0c004930        0x0 ./8led.o
 .bss           0x0c004930       0x14 ./button.o
                0x0c004934                estado_sudoku
                0x0c004938                fila
                0x0c00493c                columna
                0x0c004940                valor
 .bss           0x0c004944        0x0 ./cola.o
 .bss           0x0c004944        0x0 ./init_b.o
 .bss           0x0c004944        0x4 ./led.o
 .bss           0x0c004948        0x4 ./main.o
                0x0c004948                celdas_vacias
 .bss           0x0c00494c        0x0 ./sudoku_2025.o
 .bss           0x0c00494c        0x4 ./timer.o
                0x0c00494c                switch_leds
 .bss           0x0c004950        0x8 ./timer1.o
 .bss           0x0c004958        0x4 ./timer2.o
 .bss           0x0c00495c       0x18 ./timer3.o
 .bss           0x0c004974        0x0 c:/program files/eclipsearm/sourcery-g++-lite-arm-2011.03/bin/../lib/gcc/arm-none-eabi/4.5.2\libgcc.a(_divsi3.o)
 .bss           0x0c004974        0x0 c:/program files/eclipsearm/sourcery-g++-lite-arm-2011.03/bin/../lib/gcc/arm-none-eabi/4.5.2\libgcc.a(_dvmd_tls.o)
 COMMON         0x0c004974        0x8 ./common/44blib.o
                0x0c004974                fileSize
                0x0c004978                downPt
                0x0c00497c                Image_ZI_Limit = .
                0x0c00497c                __bss_start__ = .
                0x0c00497c                __bss_end__ = .
                0x0c00497c                __EH_FRAME_BEGIN__ = .
                0x0c00497c                __EH_FRAME_END__ = .
                0x0c00497c                PROVIDE (__stack, .)
                0x0c00497c                end = .
                0x0c00497c                _end = .

.ARM.attributes
                0x00000000       0x2e
 .ARM.attributes
                0x00000000       0x22 ./common/44binit.o
 .ARM.attributes
                0x00000022       0x32 ./common/44blib.o
 .ARM.attributes
                0x00000054       0x32 ./8led.o
 .ARM.attributes
                0x00000086       0x32 ./button.o
 .ARM.attributes
                0x000000b8       0x32 ./cola.o
 .ARM.attributes
                0x000000ea       0x22 ./init_b.o
 .ARM.attributes
                0x0000010c       0x32 ./led.o
 .ARM.attributes
                0x0000013e       0x32 ./main.o
 .ARM.attributes
                0x00000170       0x32 ./sudoku_2025.o
 .ARM.attributes
                0x000001a2       0x32 ./timer.o
 .ARM.attributes
                0x000001d4       0x32 ./timer1.o
 .ARM.attributes
                0x00000206       0x32 ./timer2.o
 .ARM.attributes
                0x00000238       0x32 ./timer3.o
 .ARM.attributes
                0x0000026a       0x1a c:/program files/eclipsearm/sourcery-g++-lite-arm-2011.03/bin/../lib/gcc/arm-none-eabi/4.5.2\libgcc.a(_divsi3.o)
 .ARM.attributes
                0x00000284       0x18 c:/program files/eclipsearm/sourcery-g++-lite-arm-2011.03/bin/../lib/gcc/arm-none-eabi/4.5.2\libgcc.a(_dvmd_tls.o)

.comment        0x00000000       0x2a
 .comment       0x00000000       0x2a ./common/44blib.o
                                 0x2b (size before relaxing)
 .comment       0x00000000       0x2b ./8led.o
 .comment       0x00000000       0x2b ./button.o
 .comment       0x00000000       0x2b ./cola.o
 .comment       0x00000000       0x2b ./led.o
 .comment       0x00000000       0x2b ./main.o
 .comment       0x00000000       0x2b ./sudoku_2025.o
 .comment       0x00000000       0x2b ./timer.o
 .comment       0x00000000       0x2b ./timer1.o
 .comment       0x00000000       0x2b ./timer2.o
 .comment       0x00000000       0x2b ./timer3.o

.debug_info     0x00000000     0x1589
 *(.debug_info)
 .debug_info    0x00000000       0x6c ./common/44binit.o
 .debug_info    0x0000006c      0x229 ./common/44blib.o
 .debug_info    0x00000295      0x10d ./8led.o
 .debug_info    0x000003a2      0x2b0 ./button.o
 .debug_info    0x00000652      0x1d4 ./cola.o
 .debug_info    0x00000826       0x64 ./init_b.o
 .debug_info    0x0000088a       0xf6 ./led.o
 .debug_info    0x00000980      0x33d ./main.o
 .debug_info    0x00000cbd      0x49f ./sudoku_2025.o
 .debug_info    0x0000115c       0x7a ./timer.o
 .debug_info    0x000011d6       0x82 ./timer1.o
 .debug_info    0x00001258       0xea ./timer2.o
 .debug_info    0x00001342      0x247 ./timer3.o

.debug_line     0x00000000     0x1526
 *(.debug_line)
 .debug_line    0x00000000      0x10f ./common/44binit.o
 .debug_line    0x0000010f      0x3a7 ./common/44blib.o
 .debug_line    0x000004b6       0xa2 ./8led.o
 .debug_line    0x00000558      0x295 ./button.o
 .debug_line    0x000007ed      0x199 ./cola.o
 .debug_line    0x00000986      0x179 ./init_b.o
 .debug_line    0x00000aff       0xb5 ./led.o
 .debug_line    0x00000bb4      0x28d ./main.o
 .debug_line    0x00000e41      0x2a5 ./sudoku_2025.o
 .debug_line    0x000010e6       0xb2 ./timer.o
 .debug_line    0x00001198       0xc0 ./timer1.o
 .debug_line    0x00001258       0xc3 ./timer2.o
 .debug_line    0x0000131b      0x20b ./timer3.o

.debug_abbrev   0x00000000      0x876
 *(.debug_abbrev)
 .debug_abbrev  0x00000000       0x14 ./common/44binit.o
 .debug_abbrev  0x00000014      0x11f ./common/44blib.o
 .debug_abbrev  0x00000133       0xa7 ./8led.o
 .debug_abbrev  0x000001da       0xe9 ./button.o
 .debug_abbrev  0x000002c3       0xeb ./cola.o
 .debug_abbrev  0x000003ae       0x14 ./init_b.o
 .debug_abbrev  0x000003c2       0x69 ./led.o
 .debug_abbrev  0x0000042b      0x12c ./main.o
 .debug_abbrev  0x00000557      0x103 ./sudoku_2025.o
 .debug_abbrev  0x0000065a       0x58 ./timer.o
 .debug_abbrev  0x000006b2       0x4c ./timer1.o
 .debug_abbrev  0x000006fe       0x65 ./timer2.o
 .debug_abbrev  0x00000763      0x113 ./timer3.o

.debug_frame    0x00000000      0x764
 *(.debug_frame)
 .debug_frame   0x00000000       0xd0 ./common/44blib.o
 .debug_frame   0x000000d0       0x50 ./8led.o
 .debug_frame   0x00000120       0x9c ./button.o
 .debug_frame   0x000001bc       0x90 ./cola.o
 .debug_frame   0x0000024c      0x110 ./led.o
 .debug_frame   0x0000035c       0x70 ./main.o
 .debug_frame   0x000003cc      0x110 ./sudoku_2025.o
 .debug_frame   0x000004dc       0x58 ./timer.o
 .debug_frame   0x00000534       0x5c ./timer1.o
 .debug_frame   0x00000590       0x98 ./timer2.o
 .debug_frame   0x00000628      0x11c ./timer3.o
 .debug_frame   0x00000744       0x20 c:/program files/eclipsearm/sourcery-g++-lite-arm-2011.03/bin/../lib/gcc/arm-none-eabi/4.5.2\libgcc.a(_divsi3.o)
OUTPUT(practica2.elf elf32-littlearm)

.debug_aranges  0x00000000      0x1a0
 .debug_aranges
                0x00000000       0x20 ./common/44binit.o
 .debug_aranges
                0x00000020       0x20 ./common/44blib.o
 .debug_aranges
                0x00000040       0x20 ./8led.o
 .debug_aranges
                0x00000060       0x20 ./button.o
 .debug_aranges
                0x00000080       0x20 ./cola.o
 .debug_aranges
                0x000000a0       0x20 ./init_b.o
 .debug_aranges
                0x000000c0       0x20 ./led.o
 .debug_aranges
                0x000000e0       0x20 ./main.o
 .debug_aranges
                0x00000100       0x20 ./sudoku_2025.o
 .debug_aranges
                0x00000120       0x20 ./timer.o
 .debug_aranges
                0x00000140       0x20 ./timer1.o
 .debug_aranges
                0x00000160       0x20 ./timer2.o
 .debug_aranges
                0x00000180       0x20 ./timer3.o

.debug_macinfo  0x00000000    0x3b0ac
 .debug_macinfo
                0x00000000     0x8301 ./common/44blib.o
 .debug_macinfo
                0x00008301     0x50b0 ./8led.o
 .debug_macinfo
                0x0000d3b1     0x6c89 ./button.o
 .debug_macinfo
                0x0001403a     0x2a30 ./cola.o
 .debug_macinfo
                0x00016a6a     0x50af ./led.o
 .debug_macinfo
                0x0001bb19     0x6b14 ./main.o
 .debug_macinfo
                0x0002262d     0x3dc9 ./sudoku_2025.o
 .debug_macinfo
                0x000263f6     0x50c0 ./timer.o
 .debug_macinfo
                0x0002b4b6     0x5100 ./timer1.o
 .debug_macinfo
                0x000305b6     0x50b2 ./timer2.o
 .debug_macinfo
                0x00035668     0x5a44 ./timer3.o

.debug_loc      0x00000000      0x8c4
 .debug_loc     0x00000000      0x108 ./common/44blib.o
 .debug_loc     0x00000108       0x58 ./8led.o
 .debug_loc     0x00000160       0xb0 ./button.o
 .debug_loc     0x00000210       0xb0 ./cola.o
 .debug_loc     0x000002c0      0x160 ./led.o
 .debug_loc     0x00000420       0x84 ./main.o
 .debug_loc     0x000004a4      0x160 ./sudoku_2025.o
 .debug_loc     0x00000604       0x58 ./timer.o
 .debug_loc     0x0000065c       0x58 ./timer1.o
 .debug_loc     0x000006b4       0xb0 ./timer2.o
 .debug_loc     0x00000764      0x160 ./timer3.o

.debug_pubnames
                0x00000000      0x3af
 .debug_pubnames
                0x00000000       0x90 ./common/44blib.o
 .debug_pubnames
                0x00000090       0x32 ./8led.o
 .debug_pubnames
                0x000000c2       0x66 ./button.o
 .debug_pubnames
                0x00000128       0x71 ./cola.o
 .debug_pubnames
                0x00000199       0x7d ./led.o
 .debug_pubnames
                0x00000216       0x2d ./main.o
 .debug_pubnames
                0x00000243       0x43 ./sudoku_2025.o
 .debug_pubnames
                0x00000286       0x3f ./timer.o
 .debug_pubnames
                0x000002c5       0x31 ./timer1.o
 .debug_pubnames
                0x000002f6       0x53 ./timer2.o
 .debug_pubnames
                0x00000349       0x66 ./timer3.o

.debug_pubtypes
                0x00000000      0x1a4
 .debug_pubtypes
                0x00000000       0x12 ./common/44blib.o
 .debug_pubtypes
                0x00000012       0x46 ./button.o
 .debug_pubtypes
                0x00000058       0x48 ./cola.o
 .debug_pubtypes
                0x000000a0       0x70 ./main.o
 .debug_pubtypes
                0x00000110       0x40 ./sudoku_2025.o
 .debug_pubtypes
                0x00000150       0x54 ./timer3.o

.debug_str      0x00000000      0x82f
 .debug_str     0x00000000      0x126 ./common/44blib.o
                                0x164 (size before relaxing)
 .debug_str     0x00000126       0x6c ./8led.o
                                 0xb2 (size before relaxing)
 .debug_str     0x00000192      0x1ab ./button.o
                                0x27e (size before relaxing)
 .debug_str     0x0000033d       0xa7 ./cola.o
                                0x180 (size before relaxing)
 .debug_str     0x000003e4       0x68 ./led.o
                                 0xa1 (size before relaxing)
 .debug_str     0x0000044c       0x56 ./main.o
                                0x2ae (size before relaxing)
 .debug_str     0x000004a2      0x11b ./sudoku_2025.o
                                0x2c3 (size before relaxing)
 .debug_str     0x000005bd       0x2c ./timer.o
                                 0x65 (size before relaxing)
 .debug_str     0x000005e9       0x42 ./timer1.o
                                 0x88 (size before relaxing)
 .debug_str     0x0000062b       0x9b ./timer2.o
                                 0xe1 (size before relaxing)
 .debug_str     0x000006c6      0x169 ./timer3.o
                                0x26c (size before relaxing)
