Archive member included because of file (symbol)

c:/program files/eclipsearm/sourcery-g++-lite-arm-2011.03/bin/../lib/gcc/arm-none-eabi/4.5.2\libgcc.a(_divsi3.o)
                              ./common/44blib.o (__aeabi_idiv)
c:/program files/eclipsearm/sourcery-g++-lite-arm-2011.03/bin/../lib/gcc/arm-none-eabi/4.5.2\libgcc.a(_dvmd_tls.o)
                              c:/program files/eclipsearm/sourcery-g++-lite-arm-2011.03/bin/../lib/gcc/arm-none-eabi/4.5.2\libgcc.a(_divsi3.o) (__aeabi_idiv0)

Allocating common symbols
Common symbol       size              file

fileSize            0x4               ./common/44blib.o
downPt              0x4               ./common/44blib.o

Memory Configuration

Name             Origin             Length             Attributes
*default*        0x00000000         0xffffffff

Linker script and memory map

LOAD ./common/44binit.o
LOAD ./common/44blib.o
LOAD ./8led.o
LOAD ./button.o
LOAD ./cola.o
LOAD ./led.o
LOAD ./main.o
LOAD ./timer.o
LOAD ./timer2.o
LOAD ./timer3.o
START GROUP
LOAD c:/program files/eclipsearm/sourcery-g++-lite-arm-2011.03/bin/../lib/gcc/arm-none-eabi/4.5.2\libgcc.a
LOAD c:/program files/eclipsearm/sourcery-g++-lite-arm-2011.03/bin/../lib/gcc/arm-none-eabi/4.5.2/../../../../arm-none-eabi/lib\libc.a
END GROUP
                0x0c000000                . = 0xc000000
                0x0c000000                Image_RO_Base = .

.text           0x0c000000     0x1e08
 *(.text)
 .text          0x0c000000      0x70c ./common/44binit.o
 .text          0x0c00070c      0x46c ./common/44blib.o
                0x0c00070c                Delay
                0x0c000844                DelayMs
                0x0c0008a8                Port_Init
                0x0c000a38                malloc
                0x0c000ad8                free
                0x0c000b08                sys_init
 .text          0x0c000b78       0x78 ./8led.o
                0x0c000b78                D8Led_init
                0x0c000b9c                D8Led_symbol
 .text          0x0c000bf0      0x264 ./button.o
                0x0c000cb4                Eint4567_ISR
                0x0c000d64                Eint4567_init
 .text          0x0c000e54      0x270 ./cola.o
                0x0c000e54                cola_init
                0x0c000f48                cola_depuracion
                0x0c00106c                cola_get_num_eventos
                0x0c001098                cola_get_indice
 .text          0x0c0010c4      0x23c ./led.o
                0x0c0010c4                leds_on
                0x0c0010e4                leds_off
                0x0c001104                led1_on
                0x0c001144                led1_off
                0x0c001184                led2_on
                0x0c0011c4                led2_off
                0x0c001204                leds_switch
                0x0c001244                Led_Display
 .text          0x0c001300       0x70 ./main.o
                0x0c001300                Main
 .text          0x0c001370      0x108 ./timer.o
                0x0c001370                timer_ISR
                0x0c0013b8                timer_init
 .text          0x0c001478      0x27c ./timer2.o
                0x0c001478                timer2_ISR
                0x0c0014c8                timer2_init
                0x0c0015f0                timer2_start
                0x0c001680                timer2_count
 .text          0x0c0016f4      0x5c8 ./timer3.o
                0x0c0018dc                timer3_init
                0x0c001a08                timer3_start_antirrebote
                0x0c001b04                timer3_esta_ocupado
                0x0c001b3c                timer3_ISR
 .text          0x0c001cbc      0x148 c:/program files/eclipsearm/sourcery-g++-lite-arm-2011.03/bin/../lib/gcc/arm-none-eabi/4.5.2\libgcc.a(_divsi3.o)
                0x0c001cbc                __divsi3
                0x0c001cbc                __aeabi_idiv
                0x0c001de4                __aeabi_idivmod
 .text          0x0c001e04        0x4 c:/program files/eclipsearm/sourcery-g++-lite-arm-2011.03/bin/../lib/gcc/arm-none-eabi/4.5.2\libgcc.a(_dvmd_tls.o)
                0x0c001e04                __aeabi_idiv0
                0x0c001e04                __aeabi_ldiv0

.glue_7         0x0c001e08        0x0
 .glue_7        0x00000000        0x0 linker stubs

.glue_7t        0x0c001e08        0x0
 .glue_7t       0x00000000        0x0 linker stubs

.vfp11_veneer   0x0c001e08        0x0
 .vfp11_veneer  0x00000000        0x0 linker stubs

.v4_bx          0x0c001e08        0x0
 .v4_bx         0x00000000        0x0 linker stubs
                0x0c001e08                . = ALIGN (0x4)
                0x0c001e08                Image_RO_Limit = .
                0x0c001e08                Image_RW_Base = .

.data           0x0c001e08       0x5c
 *(.data)
 .data          0x0c001e08        0x6 ./common/44binit.o
                0x0c001e08                BDRAMTYPE
 *fill*         0x0c001e0e        0x2 00
 .data          0x0c001e10        0xc ./common/44blib.o
                0x0c001e10                mallocPt
                0x0c001e14                run
 .data          0x0c001e1c       0x44 ./8led.o
 .data          0x0c001e60        0x0 ./button.o
 .data          0x0c001e60        0x4 ./cola.o
                0x0c001e60                cola_global
 .data          0x0c001e64        0x0 ./led.o
 .data          0x0c001e64        0x0 ./main.o
 .data          0x0c001e64        0x0 ./timer.o
 .data          0x0c001e64        0x0 ./timer2.o
 .data          0x0c001e64        0x0 ./timer3.o
 .data          0x0c001e64        0x0 c:/program files/eclipsearm/sourcery-g++-lite-arm-2011.03/bin/../lib/gcc/arm-none-eabi/4.5.2\libgcc.a(_divsi3.o)
 .data          0x0c001e64        0x0 c:/program files/eclipsearm/sourcery-g++-lite-arm-2011.03/bin/../lib/gcc/arm-none-eabi/4.5.2\libgcc.a(_dvmd_tls.o)

.rodata
 *(.rodata)
                0x0c001e64                Image_RW_Limit = .
                0x0c001e64                . = ALIGN (0x4)
                0x0c001e64                Image_ZI_Base = .

.bss            0x0c001e64       0x34
 *(.bss)
 .bss           0x0c001e64        0x0 ./common/44binit.o
 .bss           0x0c001e64        0x4 ./common/44blib.o
                0x0c001e64                restart
 .bss           0x0c001e68        0x0 ./8led.o
 .bss           0x0c001e68        0x4 ./button.o
 .bss           0x0c001e6c        0x0 ./cola.o
 .bss           0x0c001e6c        0x4 ./led.o
 .bss           0x0c001e70        0x0 ./main.o
 .bss           0x0c001e70        0x4 ./timer.o
                0x0c001e70                switch_leds
 .bss           0x0c001e74        0x4 ./timer2.o
 .bss           0x0c001e78       0x18 ./timer3.o
 .bss           0x0c001e90        0x0 c:/program files/eclipsearm/sourcery-g++-lite-arm-2011.03/bin/../lib/gcc/arm-none-eabi/4.5.2\libgcc.a(_divsi3.o)
 .bss           0x0c001e90        0x0 c:/program files/eclipsearm/sourcery-g++-lite-arm-2011.03/bin/../lib/gcc/arm-none-eabi/4.5.2\libgcc.a(_dvmd_tls.o)
 COMMON         0x0c001e90        0x8 ./common/44blib.o
                0x0c001e90                fileSize
                0x0c001e94                downPt
 COMMON         0x0c001e98        0x0 ./main.o
                0x0c001e98                Image_ZI_Limit = .
                0x0c001e98                __bss_start__ = .
                0x0c001e98                __bss_end__ = .
                0x0c001e98                __EH_FRAME_BEGIN__ = .
                0x0c001e98                __EH_FRAME_END__ = .
                0x0c001e98                PROVIDE (__stack, .)
                0x0c001e98                end = .
                0x0c001e98                _end = .

.ARM.attributes
                0x00000000       0x2e
 .ARM.attributes
                0x00000000       0x22 ./common/44binit.o
 .ARM.attributes
                0x00000022       0x32 ./common/44blib.o
 .ARM.attributes
                0x00000054       0x32 ./8led.o
 .ARM.attributes
                0x00000086       0x32 ./button.o
 .ARM.attributes
                0x000000b8       0x32 ./cola.o
 .ARM.attributes
                0x000000ea       0x32 ./led.o
 .ARM.attributes
                0x0000011c       0x32 ./main.o
 .ARM.attributes
                0x0000014e       0x32 ./timer.o
 .ARM.attributes
                0x00000180       0x32 ./timer2.o
 .ARM.attributes
                0x000001b2       0x32 ./timer3.o
 .ARM.attributes
                0x000001e4       0x1a c:/program files/eclipsearm/sourcery-g++-lite-arm-2011.03/bin/../lib/gcc/arm-none-eabi/4.5.2\libgcc.a(_divsi3.o)
 .ARM.attributes
                0x000001fe       0x18 c:/program files/eclipsearm/sourcery-g++-lite-arm-2011.03/bin/../lib/gcc/arm-none-eabi/4.5.2\libgcc.a(_dvmd_tls.o)

.comment        0x00000000       0x2a
 .comment       0x00000000       0x2a ./common/44blib.o
                                 0x2b (size before relaxing)
 .comment       0x00000000       0x2b ./8led.o
 .comment       0x00000000       0x2b ./button.o
 .comment       0x00000000       0x2b ./cola.o
 .comment       0x00000000       0x2b ./led.o
 .comment       0x00000000       0x2b ./main.o
 .comment       0x00000000       0x2b ./timer.o
 .comment       0x00000000       0x2b ./timer2.o
 .comment       0x00000000       0x2b ./timer3.o

.debug_info     0x00000000      0xca4
 *(.debug_info)
 .debug_info    0x00000000       0x6c ./common/44binit.o
 .debug_info    0x0000006c      0x229 ./common/44blib.o
 .debug_info    0x00000295      0x10d ./8led.o
 .debug_info    0x000003a2      0x113 ./button.o
 .debug_info    0x000004b5      0x1d4 ./cola.o
 .debug_info    0x00000689       0xf6 ./led.o
 .debug_info    0x0000077f      0x17a ./main.o
 .debug_info    0x000008f9       0x7a ./timer.o
 .debug_info    0x00000973       0xea ./timer2.o
 .debug_info    0x00000a5d      0x247 ./timer3.o

.debug_line     0x00000000      0xf0e
 *(.debug_line)
 .debug_line    0x00000000      0x10f ./common/44binit.o
 .debug_line    0x0000010f      0x3a7 ./common/44blib.o
 .debug_line    0x000004b6       0xa2 ./8led.o
 .debug_line    0x00000558      0x20e ./button.o
 .debug_line    0x00000766      0x199 ./cola.o
 .debug_line    0x000008ff       0xb5 ./led.o
 .debug_line    0x000009b4      0x1e6 ./main.o
 .debug_line    0x00000b9a       0xa6 ./timer.o
 .debug_line    0x00000c40       0xc3 ./timer2.o
 .debug_line    0x00000d03      0x20b ./timer3.o

.debug_abbrev   0x00000000      0x671
 *(.debug_abbrev)
 .debug_abbrev  0x00000000       0x14 ./common/44binit.o
 .debug_abbrev  0x00000014      0x11f ./common/44blib.o
 .debug_abbrev  0x00000133       0xa7 ./8led.o
 .debug_abbrev  0x000001da       0xae ./button.o
 .debug_abbrev  0x00000288       0xeb ./cola.o
 .debug_abbrev  0x00000373       0x69 ./led.o
 .debug_abbrev  0x000003dc       0xc5 ./main.o
 .debug_abbrev  0x000004a1       0x58 ./timer.o
 .debug_abbrev  0x000004f9       0x65 ./timer2.o
 .debug_abbrev  0x0000055e      0x113 ./timer3.o

.debug_frame    0x00000000      0x598
 *(.debug_frame)
 .debug_frame   0x00000000       0xd0 ./common/44blib.o
 .debug_frame   0x000000d0       0x50 ./8led.o
 .debug_frame   0x00000120       0x7c ./button.o
 .debug_frame   0x0000019c       0x90 ./cola.o
 .debug_frame   0x0000022c      0x110 ./led.o
 .debug_frame   0x0000033c       0x30 ./main.o
 .debug_frame   0x0000036c       0x58 ./timer.o
 .debug_frame   0x000003c4       0x98 ./timer2.o
 .debug_frame   0x0000045c      0x11c ./timer3.o
 .debug_frame   0x00000578       0x20 c:/program files/eclipsearm/sourcery-g++-lite-arm-2011.03/bin/../lib/gcc/arm-none-eabi/4.5.2\libgcc.a(_divsi3.o)
OUTPUT(practica2.elf elf32-littlearm)

.debug_aranges  0x00000000      0x140
 .debug_aranges
                0x00000000       0x20 ./common/44binit.o
 .debug_aranges
                0x00000020       0x20 ./common/44blib.o
 .debug_aranges
                0x00000040       0x20 ./8led.o
 .debug_aranges
                0x00000060       0x20 ./button.o
 .debug_aranges
                0x00000080       0x20 ./cola.o
 .debug_aranges
                0x000000a0       0x20 ./led.o
 .debug_aranges
                0x000000c0       0x20 ./main.o
 .debug_aranges
                0x000000e0       0x20 ./timer.o
 .debug_aranges
                0x00000100       0x20 ./timer2.o
 .debug_aranges
                0x00000120       0x20 ./timer3.o

.debug_macinfo  0x00000000    0x2ffc6
 .debug_macinfo
                0x00000000     0x8301 ./common/44blib.o
 .debug_macinfo
                0x00008301     0x50b0 ./8led.o
 .debug_macinfo
                0x0000d3b1     0x5b8c ./button.o
 .debug_macinfo
                0x00012f3d     0x2a30 ./cola.o
 .debug_macinfo
                0x0001596d     0x50af ./led.o
 .debug_macinfo
                0x0001aa1c     0x5a03 ./main.o
 .debug_macinfo
                0x0002041f     0x50b1 ./timer.o
 .debug_macinfo
                0x000254d0     0x50b2 ./timer2.o
 .debug_macinfo
                0x0002a582     0x5a44 ./timer3.o

.debug_loc      0x00000000      0x688
 .debug_loc     0x00000000      0x108 ./common/44blib.o
 .debug_loc     0x00000108       0x58 ./8led.o
 .debug_loc     0x00000160       0x84 ./button.o
 .debug_loc     0x000001e4       0xb0 ./cola.o
 .debug_loc     0x00000294      0x160 ./led.o
 .debug_loc     0x000003f4       0x2c ./main.o
 .debug_loc     0x00000420       0x58 ./timer.o
 .debug_loc     0x00000478       0xb0 ./timer2.o
 .debug_loc     0x00000528      0x160 ./timer3.o

.debug_pubnames
                0x00000000      0x308
 .debug_pubnames
                0x00000000       0x90 ./common/44blib.o
 .debug_pubnames
                0x00000090       0x32 ./8led.o
 .debug_pubnames
                0x000000c2       0x35 ./button.o
 .debug_pubnames
                0x000000f7       0x71 ./cola.o
 .debug_pubnames
                0x00000168       0x7d ./led.o
 .debug_pubnames
                0x000001e5       0x2b ./main.o
 .debug_pubnames
                0x00000210       0x3f ./timer.o
 .debug_pubnames
                0x0000024f       0x53 ./timer2.o
 .debug_pubnames
                0x000002a2       0x66 ./timer3.o

.debug_pubtypes
                0x00000000      0x114
 .debug_pubtypes
                0x00000000       0x12 ./common/44blib.o
 .debug_pubtypes
                0x00000012       0x1e ./button.o
 .debug_pubtypes
                0x00000030       0x48 ./cola.o
 .debug_pubtypes
                0x00000078       0x48 ./main.o
 .debug_pubtypes
                0x000000c0       0x54 ./timer3.o

.debug_str      0x00000000      0x56e
 .debug_str     0x00000000      0x126 ./common/44blib.o
                                0x164 (size before relaxing)
 .debug_str     0x00000126       0x6c ./8led.o
                                 0xb2 (size before relaxing)
 .debug_str     0x00000192       0x87 ./button.o
                                0x144 (size before relaxing)
 .debug_str     0x00000219       0xa7 ./cola.o
                                0x180 (size before relaxing)
 .debug_str     0x000002c0       0x68 ./led.o
                                 0xa1 (size before relaxing)
 .debug_str     0x00000328       0x22 ./main.o
                                0x151 (size before relaxing)
 .debug_str     0x0000034a       0x20 ./timer.o
                                 0x65 (size before relaxing)
 .debug_str     0x0000036a       0x9b ./timer2.o
                                 0xe1 (size before relaxing)
 .debug_str     0x00000405      0x169 ./timer3.o
                                0x26c (size before relaxing)
