   1              		.cpu arm7tdmi
   2              		.fpu softvfp
   3              		.eabi_attribute 20, 1
   4              		.eabi_attribute 21, 1
   5              		.eabi_attribute 23, 3
   6              		.eabi_attribute 24, 1
   7              		.eabi_attribute 25, 1
   8              		.eabi_attribute 26, 1
   9              		.eabi_attribute 30, 6
  10              		.eabi_attribute 18, 4
  11              		.file	"timer3.c"
  21              	.Ltext0:
  22              		.file 1 "../timer3.c"
 2152              	estado_actual:
 2153 0000 00       		.space	1
 2154 0001 000000   		.align	2
 2155              	contador_ms:
 2156 0004 00000000 		.space	4
 2157              		.align	2
 2158              	monitor_ms:
 2159 0008 00000000 		.space	4
 2160              	boton_en_proceso:
 2161 000c 00       		.space	1
 2162 000d 000000   		.align	2
 2163              	mascara_boton:
 2164 0010 00000000 		.space	4
 2165              		.align	2
 2166              	callback_validacion:
 2167 0014 00000000 		.space	4
 2168              		.text
 2169              		.align	2
 2171              	boton_sigue_pulsado:
 2172              	.LFB0:
   1:../timer3.c   **** /*********************************************************************************************
   2:../timer3.c   **** * Fichero:              timer3.c
   3:../timer3.c   **** * Autor:
   4:../timer3.c   **** * Descrip:              Gestión del timer3 para la eliminación de rebotes por máquina de estados
   5:../timer3.c   **** * Version:              1.0
   6:../timer3.c   **** *********************************************************************************************/
   7:../timer3.c   **** 
   8:../timer3.c   **** /*--- Ficheros de cabecera ---*/
   9:../timer3.c   **** #include "timer3.h"
  10:../timer3.c   **** #include "eventos.h"
  11:../timer3.c   **** #include "44b.h"
  12:../timer3.c   **** #include "44blib.h"
  13:../timer3.c   **** 
  14:../timer3.c   **** /*--- Constantes ---*/
  15:../timer3.c   **** #define TIMER3_1MS_COUNT           32000U        /* Cuenta necesaria para 1 ms con preescalado 0 y 
  16:../timer3.c   **** #define TIMER3_TICK_MS             1U
  17:../timer3.c   **** #define TIMER3_TRP_MS              30U           /* Retardo tras la pulsación */
  18:../timer3.c   **** #define TIMER3_TRD_MS              30U           /* Retardo tras soltar el botón */
  19:../timer3.c   **** #define TIMER3_MONITOR_MS          100U          /* Periodo de monitorización */
  20:../timer3.c   **** 
  21:../timer3.c   **** #define BOTON_MASK_EINT6           (1U << 6)    /* EINT6 usa el pin PG6 */
  22:../timer3.c   **** #define BOTON_MASK_EINT7           (1U << 7)    /* EINT7 usa el pin PG7 */
  23:../timer3.c   **** 
  24:../timer3.c   **** /*--- Variables internas ---*/
  25:../timer3.c   **** static volatile EstadoPulsador estado_actual = ESPERANDO_PULSACION;
  26:../timer3.c   **** static volatile uint32_t contador_ms = 0;
  27:../timer3.c   **** static volatile uint32_t monitor_ms = 0;
  28:../timer3.c   **** static volatile uint8_t boton_en_proceso = 0;
  29:../timer3.c   **** static volatile unsigned int mascara_boton = 0;
  30:../timer3.c   **** static timer3_callback_t callback_validacion = 0;
  31:../timer3.c   **** 
  32:../timer3.c   **** /* Declaración de la ISR del timer3 */
  33:../timer3.c   **** void timer3_ISR(void) __attribute__((interrupt("IRQ")));
  34:../timer3.c   **** 
  35:../timer3.c   **** /*--- Funciones auxiliares internas ---*/
  36:../timer3.c   **** static inline int boton_sigue_pulsado(void)
  37:../timer3.c   **** {
 2173              		.loc 1 37 0
 2174              		.cfi_startproc
 2175              		@ Function supports interworking.
 2176              		@ args = 0, pretend = 0, frame = 8
 2177              		@ frame_needed = 1, uses_anonymous_args = 0
 2178 0000 0DC0A0E1 		mov	ip, sp
 2179              	.LCFI0:
 2180              		.cfi_def_cfa_register 12
 2181 0004 00D82DE9 		stmfd	sp!, {fp, ip, lr, pc}
 2182 0008 04B04CE2 		sub	fp, ip, #4
 2183              		.cfi_offset 14, -8
 2184              		.cfi_offset 13, -12
 2185              		.cfi_offset 11, -16
 2186              	.LCFI1:
 2187              		.cfi_def_cfa 11, 4
 2188 000c 08D04DE2 		sub	sp, sp, #8
  38:../timer3.c   ****         unsigned int estado = (~rPDATG) & mascara_boton;
 2189              		.loc 1 38 0
 2190 0010 34309FE5 		ldr	r3, .L2
 2191 0014 003093E5 		ldr	r3, [r3, #0]
 2192 0018 0320E0E1 		mvn	r2, r3
 2193 001c 2C309FE5 		ldr	r3, .L2+4
 2194 0020 003093E5 		ldr	r3, [r3, #0]
 2195 0024 033002E0 		and	r3, r2, r3
 2196 0028 10300BE5 		str	r3, [fp, #-16]
  39:../timer3.c   ****         return (estado != 0);
 2197              		.loc 1 39 0
 2198 002c 10301BE5 		ldr	r3, [fp, #-16]
 2199 0030 000053E3 		cmp	r3, #0
 2200 0034 0030A003 		moveq	r3, #0
 2201 0038 0130A013 		movne	r3, #1
  40:../timer3.c   **** }
 2202              		.loc 1 40 0
 2203 003c 0300A0E1 		mov	r0, r3
 2204 0040 0CD04BE2 		sub	sp, fp, #12
 2205 0044 00689DE8 		ldmfd	sp, {fp, sp, lr}
 2206 0048 1EFF2FE1 		bx	lr
 2207              	.L3:
 2208              		.align	2
 2209              	.L2:
 2210 004c 4400D201 		.word	30539844
 2211 0050 10000000 		.word	mascara_boton
 2212              		.cfi_endproc
 2213              	.LFE0:
 2215              		.align	2
 2217              	timer3_detener:
 2218              	.LFB1:
  41:../timer3.c   **** 
  42:../timer3.c   **** static void timer3_detener(void)
  43:../timer3.c   **** {
 2219              		.loc 1 43 0
 2220              		.cfi_startproc
 2221              		@ Function supports interworking.
 2222              		@ args = 0, pretend = 0, frame = 0
 2223              		@ frame_needed = 1, uses_anonymous_args = 0
 2224 0054 0DC0A0E1 		mov	ip, sp
 2225              	.LCFI2:
 2226              		.cfi_def_cfa_register 12
 2227 0058 00D82DE9 		stmfd	sp!, {fp, ip, lr, pc}
 2228 005c 04B04CE2 		sub	fp, ip, #4
 2229              		.cfi_offset 14, -8
 2230              		.cfi_offset 13, -12
 2231              		.cfi_offset 11, -16
 2232              	.LCFI3:
 2233              		.cfi_def_cfa 11, 4
  44:../timer3.c   ****         /* Parar el timer y enmascarar la interrupción */
  45:../timer3.c   ****         rTCON &= ~(1 << 16);             /* Bit 16 controla start/stop del timer3 */
 2234              		.loc 1 45 0
 2235 0060 2C309FE5 		ldr	r3, .L5
 2236 0064 28209FE5 		ldr	r2, .L5
 2237 0068 002092E5 		ldr	r2, [r2, #0]
 2238 006c 0128C2E3 		bic	r2, r2, #65536
 2239 0070 002083E5 		str	r2, [r3, #0]
  46:../timer3.c   ****         rINTMSK |= BIT_TIMER3;
 2240              		.loc 1 46 0
 2241 0074 1C309FE5 		ldr	r3, .L5+4
 2242 0078 18209FE5 		ldr	r2, .L5+4
 2243 007c 002092E5 		ldr	r2, [r2, #0]
 2244 0080 012B82E3 		orr	r2, r2, #1024
 2245 0084 002083E5 		str	r2, [r3, #0]
  47:../timer3.c   **** }
 2246              		.loc 1 47 0
 2247 0088 0CD04BE2 		sub	sp, fp, #12
 2248 008c 00689DE8 		ldmfd	sp, {fp, sp, lr}
 2249 0090 1EFF2FE1 		bx	lr
 2250              	.L6:
 2251              		.align	2
 2252              	.L5:
 2253 0094 0800D501 		.word	30736392
 2254 0098 0C00E001 		.word	31457292
 2255              		.cfi_endproc
 2256              	.LFE1:
 2258              		.align	2
 2260              	timer3_preparar_tick:
 2261              	.LFB2:
  48:../timer3.c   **** 
  49:../timer3.c   **** static void timer3_preparar_tick(void)
  50:../timer3.c   **** {
 2262              		.loc 1 50 0
 2263              		.cfi_startproc
 2264              		@ Function supports interworking.
 2265              		@ args = 0, pretend = 0, frame = 0
 2266              		@ frame_needed = 1, uses_anonymous_args = 0
 2267 009c 0DC0A0E1 		mov	ip, sp
 2268              	.LCFI4:
 2269              		.cfi_def_cfa_register 12
 2270 00a0 00D82DE9 		stmfd	sp!, {fp, ip, lr, pc}
 2271 00a4 04B04CE2 		sub	fp, ip, #4
 2272              		.cfi_offset 14, -8
 2273              		.cfi_offset 13, -12
 2274              		.cfi_offset 11, -16
 2275              	.LCFI5:
 2276              		.cfi_def_cfa 11, 4
  51:../timer3.c   ****         /* Configurar el valor de cuenta para 1 ms */
  52:../timer3.c   ****         rTCNTB3 = TIMER3_1MS_COUNT;
 2277              		.loc 1 52 0
 2278 00a8 4C309FE5 		ldr	r3, .L8
 2279 00ac 7D2CA0E3 		mov	r2, #32000
 2280 00b0 002083E5 		str	r2, [r3, #0]
  53:../timer3.c   ****         rTCMPB3 = 0;
 2281              		.loc 1 53 0
 2282 00b4 44309FE5 		ldr	r3, .L8+4
 2283 00b8 0020A0E3 		mov	r2, #0
 2284 00bc 002083E5 		str	r2, [r3, #0]
  54:../timer3.c   **** 
  55:../timer3.c   ****         /* Cargar los nuevos valores (manual update) */
  56:../timer3.c   ****         rTCON = (rTCON & ~(0xF << 16)) | (1 << 17);
 2285              		.loc 1 56 0
 2286 00c0 3C309FE5 		ldr	r3, .L8+8
 2287 00c4 38209FE5 		ldr	r2, .L8+8
 2288 00c8 002092E5 		ldr	r2, [r2, #0]
 2289 00cc 0F28C2E3 		bic	r2, r2, #983040
 2290 00d0 022882E3 		orr	r2, r2, #131072
 2291 00d4 002083E5 		str	r2, [r3, #0]
  57:../timer3.c   ****         /* Activar auto-reload y arrancar el timer */
  58:../timer3.c   ****         rTCON = (rTCON & ~(0xF << 16)) | (1 << 19) | (1 << 16);
 2292              		.loc 1 58 0
 2293 00d8 24309FE5 		ldr	r3, .L8+8
 2294 00dc 20209FE5 		ldr	r2, .L8+8
 2295 00e0 002092E5 		ldr	r2, [r2, #0]
 2296 00e4 0F28C2E3 		bic	r2, r2, #983040
 2297 00e8 092882E3 		orr	r2, r2, #589824
 2298 00ec 002083E5 		str	r2, [r3, #0]
  59:../timer3.c   **** }
 2299              		.loc 1 59 0
 2300 00f0 0CD04BE2 		sub	sp, fp, #12
 2301 00f4 00689DE8 		ldmfd	sp, {fp, sp, lr}
 2302 00f8 1EFF2FE1 		bx	lr
 2303              	.L9:
 2304              		.align	2
 2305              	.L8:
 2306 00fc 3000D501 		.word	30736432
 2307 0100 3400D501 		.word	30736436
 2308 0104 0800D501 		.word	30736392
 2309              		.cfi_endproc
 2310              	.LFE2:
 2312              		.align	2
 2314              	finalizar_antirrebote:
 2315              	.LFB3:
  60:../timer3.c   **** 
  61:../timer3.c   **** static void finalizar_antirrebote(void)
  62:../timer3.c   **** {
 2316              		.loc 1 62 0
 2317              		.cfi_startproc
 2318              		@ Function supports interworking.
 2319              		@ args = 0, pretend = 0, frame = 0
 2320              		@ frame_needed = 1, uses_anonymous_args = 0
 2321 0108 0DC0A0E1 		mov	ip, sp
 2322              	.LCFI6:
 2323              		.cfi_def_cfa_register 12
 2324 010c 00D82DE9 		stmfd	sp!, {fp, ip, lr, pc}
 2325 0110 04B04CE2 		sub	fp, ip, #4
 2326              		.cfi_offset 14, -8
 2327              		.cfi_offset 13, -12
 2328              		.cfi_offset 11, -16
 2329              	.LCFI7:
 2330              		.cfi_def_cfa 11, 4
  63:../timer3.c   ****         /* Detener el temporizador */
  64:../timer3.c   ****         timer3_detener();
 2331              		.loc 1 64 0
 2332 0114 CEFFFFEB 		bl	timer3_detener
  65:../timer3.c   **** 
  66:../timer3.c   ****         /* Rehabilitar las interrupciones de los botones */
  67:../timer3.c   ****         rEXTINTPND = 0xf;
 2333              		.loc 1 67 0
 2334 0118 74309FE5 		ldr	r3, .L11
 2335 011c 0F20A0E3 		mov	r2, #15
 2336 0120 002083E5 		str	r2, [r3, #0]
  68:../timer3.c   ****         rINTMSK &= ~(BIT_EINT4567);
 2337              		.loc 1 68 0
 2338 0124 6C309FE5 		ldr	r3, .L11+4
 2339 0128 68209FE5 		ldr	r2, .L11+4
 2340 012c 002092E5 		ldr	r2, [r2, #0]
 2341 0130 0226C2E3 		bic	r2, r2, #2097152
 2342 0134 002083E5 		str	r2, [r3, #0]
  69:../timer3.c   ****         rI_ISPC |= BIT_EINT4567;
 2343              		.loc 1 69 0
 2344 0138 5C309FE5 		ldr	r3, .L11+8
 2345 013c 58209FE5 		ldr	r2, .L11+8
 2346 0140 002092E5 		ldr	r2, [r2, #0]
 2347 0144 022682E3 		orr	r2, r2, #2097152
 2348 0148 002083E5 		str	r2, [r3, #0]
  70:../timer3.c   **** 
  71:../timer3.c   ****         /* Ya no notificamos aquí, se hizo en REBOTE_PRESION */
  72:../timer3.c   **** 
  73:../timer3.c   ****         /* Resetear el estado interno */
  74:../timer3.c   ****         estado_actual = ESPERANDO_PULSACION;
 2349              		.loc 1 74 0
 2350 014c 4C309FE5 		ldr	r3, .L11+12
 2351 0150 0020A0E3 		mov	r2, #0
 2352 0154 0020C3E5 		strb	r2, [r3, #0]
  75:../timer3.c   ****         contador_ms = 0;
 2353              		.loc 1 75 0
 2354 0158 44309FE5 		ldr	r3, .L11+16
 2355 015c 0020A0E3 		mov	r2, #0
 2356 0160 002083E5 		str	r2, [r3, #0]
  76:../timer3.c   ****         monitor_ms = 0;
 2357              		.loc 1 76 0
 2358 0164 3C309FE5 		ldr	r3, .L11+20
 2359 0168 0020A0E3 		mov	r2, #0
 2360 016c 002083E5 		str	r2, [r3, #0]
  77:../timer3.c   ****         boton_en_proceso = 0;
 2361              		.loc 1 77 0
 2362 0170 34309FE5 		ldr	r3, .L11+24
 2363 0174 0020A0E3 		mov	r2, #0
 2364 0178 0020C3E5 		strb	r2, [r3, #0]
  78:../timer3.c   ****         mascara_boton = 0;
 2365              		.loc 1 78 0
 2366 017c 2C309FE5 		ldr	r3, .L11+28
 2367 0180 0020A0E3 		mov	r2, #0
 2368 0184 002083E5 		str	r2, [r3, #0]
  79:../timer3.c   **** }
 2369              		.loc 1 79 0
 2370 0188 0CD04BE2 		sub	sp, fp, #12
 2371 018c 00689DE8 		ldmfd	sp, {fp, sp, lr}
 2372 0190 1EFF2FE1 		bx	lr
 2373              	.L12:
 2374              		.align	2
 2375              	.L11:
 2376 0194 5400D201 		.word	30539860
 2377 0198 0C00E001 		.word	31457292
 2378 019c 2400E001 		.word	31457316
 2379 01a0 00000000 		.word	estado_actual
 2380 01a4 04000000 		.word	contador_ms
 2381 01a8 08000000 		.word	monitor_ms
 2382 01ac 0C000000 		.word	boton_en_proceso
 2383 01b0 10000000 		.word	mascara_boton
 2384              		.cfi_endproc
 2385              	.LFE3:
 2387              		.align	2
 2388              		.global	timer3_init
 2390              	timer3_init:
 2391              	.LFB4:
  80:../timer3.c   **** 
  81:../timer3.c   **** /*--- Código de las funciones públicas ---*/
  82:../timer3.c   **** void timer3_init(timer3_callback_t callback)
  83:../timer3.c   **** {
 2392              		.loc 1 83 0
 2393              		.cfi_startproc
 2394              		@ Function supports interworking.
 2395              		@ args = 0, pretend = 0, frame = 8
 2396              		@ frame_needed = 1, uses_anonymous_args = 0
 2397 01b4 0DC0A0E1 		mov	ip, sp
 2398              	.LCFI8:
 2399              		.cfi_def_cfa_register 12
 2400 01b8 00D82DE9 		stmfd	sp!, {fp, ip, lr, pc}
 2401 01bc 04B04CE2 		sub	fp, ip, #4
 2402              		.cfi_offset 14, -8
 2403              		.cfi_offset 13, -12
 2404              		.cfi_offset 11, -16
 2405              	.LCFI9:
 2406              		.cfi_def_cfa 11, 4
 2407 01c0 08D04DE2 		sub	sp, sp, #8
 2408 01c4 10000BE5 		str	r0, [fp, #-16]
  84:../timer3.c   ****         callback_validacion = callback;
 2409              		.loc 1 84 0
 2410 01c8 D8309FE5 		ldr	r3, .L14
 2411 01cc 10201BE5 		ldr	r2, [fp, #-16]
 2412 01d0 002083E5 		str	r2, [r3, #0]
  85:../timer3.c   ****         estado_actual = ESPERANDO_PULSACION;
 2413              		.loc 1 85 0
 2414 01d4 D0309FE5 		ldr	r3, .L14+4
 2415 01d8 0020A0E3 		mov	r2, #0
 2416 01dc 0020C3E5 		strb	r2, [r3, #0]
  86:../timer3.c   ****         contador_ms = 0;
 2417              		.loc 1 86 0
 2418 01e0 C8309FE5 		ldr	r3, .L14+8
 2419 01e4 0020A0E3 		mov	r2, #0
 2420 01e8 002083E5 		str	r2, [r3, #0]
  87:../timer3.c   ****         monitor_ms = 0;
 2421              		.loc 1 87 0
 2422 01ec C0309FE5 		ldr	r3, .L14+12
 2423 01f0 0020A0E3 		mov	r2, #0
 2424 01f4 002083E5 		str	r2, [r3, #0]
  88:../timer3.c   ****         boton_en_proceso = 0;
 2425              		.loc 1 88 0
 2426 01f8 B8309FE5 		ldr	r3, .L14+16
 2427 01fc 0020A0E3 		mov	r2, #0
 2428 0200 0020C3E5 		strb	r2, [r3, #0]
  89:../timer3.c   ****         mascara_boton = 0;
 2429              		.loc 1 89 0
 2430 0204 B0309FE5 		ldr	r3, .L14+20
 2431 0208 0020A0E3 		mov	r2, #0
 2432 020c 002083E5 		str	r2, [r3, #0]
  90:../timer3.c   **** 
  91:../timer3.c   ****         /* Enmascarar la interrupción del timer3 inicialmente */
  92:../timer3.c   ****         rINTMSK |= BIT_TIMER3;
 2433              		.loc 1 92 0
 2434 0210 A8309FE5 		ldr	r3, .L14+24
 2435 0214 A4209FE5 		ldr	r2, .L14+24
 2436 0218 002092E5 		ldr	r2, [r2, #0]
 2437 021c 012B82E3 		orr	r2, r2, #1024
 2438 0220 002083E5 		str	r2, [r3, #0]
  93:../timer3.c   **** 
  94:../timer3.c   ****         /* Configurar el vector de interrupción */
  95:../timer3.c   ****         pISR_TIMER3 = (unsigned) timer3_ISR;
 2439              		.loc 1 95 0
 2440 0224 98309FE5 		ldr	r3, .L14+28
 2441 0228 98209FE5 		ldr	r2, .L14+32
 2442 022c 002083E5 		str	r2, [r3, #0]
  96:../timer3.c   **** 
  97:../timer3.c   ****         /* Configurar divisor (1/2) compartido con el timer2 */
  98:../timer3.c   ****         rTCFG1 = (rTCFG1 & ~(0xF << 12)) | (0x0 << 12);
 2443              		.loc 1 98 0
 2444 0230 94309FE5 		ldr	r3, .L14+36
 2445 0234 90209FE5 		ldr	r2, .L14+36
 2446 0238 002092E5 		ldr	r2, [r2, #0]
 2447 023c 0F2AC2E3 		bic	r2, r2, #61440
 2448 0240 002083E5 		str	r2, [r3, #0]
  99:../timer3.c   **** 
 100:../timer3.c   ****         /* Cargar el valor inicial y dejar el timer parado */
 101:../timer3.c   ****         rTCNTB3 = TIMER3_1MS_COUNT;
 2449              		.loc 1 101 0
 2450 0244 84309FE5 		ldr	r3, .L14+40
 2451 0248 7D2CA0E3 		mov	r2, #32000
 2452 024c 002083E5 		str	r2, [r3, #0]
 102:../timer3.c   ****         rTCMPB3 = 0;
 2453              		.loc 1 102 0
 2454 0250 7C309FE5 		ldr	r3, .L14+44
 2455 0254 0020A0E3 		mov	r2, #0
 2456 0258 002083E5 		str	r2, [r3, #0]
 103:../timer3.c   ****         rTCON = (rTCON & ~(0xF << 16)) | (1 << 17);
 2457              		.loc 1 103 0
 2458 025c 74309FE5 		ldr	r3, .L14+48
 2459 0260 70209FE5 		ldr	r2, .L14+48
 2460 0264 002092E5 		ldr	r2, [r2, #0]
 2461 0268 0F28C2E3 		bic	r2, r2, #983040
 2462 026c 022882E3 		orr	r2, r2, #131072
 2463 0270 002083E5 		str	r2, [r3, #0]
 104:../timer3.c   ****         rTCON &= ~(0xF << 16);
 2464              		.loc 1 104 0
 2465 0274 5C309FE5 		ldr	r3, .L14+48
 2466 0278 58209FE5 		ldr	r2, .L14+48
 2467 027c 002092E5 		ldr	r2, [r2, #0]
 2468 0280 0F28C2E3 		bic	r2, r2, #983040
 2469 0284 002083E5 		str	r2, [r3, #0]
 105:../timer3.c   **** 
 106:../timer3.c   ****         /* Limpiar posibles peticiones pendientes */
 107:../timer3.c   ****         rI_ISPC |= BIT_TIMER3;
 2470              		.loc 1 107 0
 2471 0288 4C309FE5 		ldr	r3, .L14+52
 2472 028c 48209FE5 		ldr	r2, .L14+52
 2473 0290 002092E5 		ldr	r2, [r2, #0]
 2474 0294 012B82E3 		orr	r2, r2, #1024
 2475 0298 002083E5 		str	r2, [r3, #0]
 108:../timer3.c   **** }
 2476              		.loc 1 108 0
 2477 029c 0CD04BE2 		sub	sp, fp, #12
 2478 02a0 00689DE8 		ldmfd	sp, {fp, sp, lr}
 2479 02a4 1EFF2FE1 		bx	lr
 2480              	.L15:
 2481              		.align	2
 2482              	.L14:
 2483 02a8 14000000 		.word	callback_validacion
 2484 02ac 00000000 		.word	estado_actual
 2485 02b0 04000000 		.word	contador_ms
 2486 02b4 08000000 		.word	monitor_ms
 2487 02b8 0C000000 		.word	boton_en_proceso
 2488 02bc 10000000 		.word	mascara_boton
 2489 02c0 0C00E001 		.word	31457292
 2490 02c4 48FF7F0C 		.word	209715016
 2491 02c8 00000000 		.word	timer3_ISR
 2492 02cc 0400D501 		.word	30736388
 2493 02d0 3000D501 		.word	30736432
 2494 02d4 3400D501 		.word	30736436
 2495 02d8 0800D501 		.word	30736392
 2496 02dc 2400E001 		.word	31457316
 2497              		.cfi_endproc
 2498              	.LFE4:
 2500              		.align	2
 2501              		.global	timer3_start_antirrebote
 2503              	timer3_start_antirrebote:
 2504              	.LFB5:
 109:../timer3.c   **** 
 110:../timer3.c   **** int timer3_start_antirrebote(uint8_t boton_id)
 111:../timer3.c   **** {
 2505              		.loc 1 111 0
 2506              		.cfi_startproc
 2507              		@ Function supports interworking.
 2508              		@ args = 0, pretend = 0, frame = 8
 2509              		@ frame_needed = 1, uses_anonymous_args = 0
 2510 02e0 0DC0A0E1 		mov	ip, sp
 2511              	.LCFI10:
 2512              		.cfi_def_cfa_register 12
 2513 02e4 00D82DE9 		stmfd	sp!, {fp, ip, lr, pc}
 2514 02e8 04B04CE2 		sub	fp, ip, #4
 2515              		.cfi_offset 14, -8
 2516              		.cfi_offset 13, -12
 2517              		.cfi_offset 11, -16
 2518              	.LCFI11:
 2519              		.cfi_def_cfa 11, 4
 2520 02ec 08D04DE2 		sub	sp, sp, #8
 2521 02f0 0030A0E1 		mov	r3, r0
 2522 02f4 0D304BE5 		strb	r3, [fp, #-13]
 112:../timer3.c   ****         if (estado_actual != ESPERANDO_PULSACION)
 2523              		.loc 1 112 0
 2524 02f8 C4309FE5 		ldr	r3, .L24
 2525 02fc 0030D3E5 		ldrb	r3, [r3, #0]
 2526 0300 FF3003E2 		and	r3, r3, #255
 2527 0304 000053E3 		cmp	r3, #0
 2528 0308 0100000A 		beq	.L17
 113:../timer3.c   ****         {
 114:../timer3.c   ****                 return 0;
 2529              		.loc 1 114 0
 2530 030c 0030A0E3 		mov	r3, #0
 2531 0310 270000EA 		b	.L18
 2532              	.L17:
 115:../timer3.c   ****         }
 116:../timer3.c   **** 
 117:../timer3.c   ****         /* Seleccionar la máscara del puerto correspondiente */
 118:../timer3.c   ****         switch (boton_id)
 2533              		.loc 1 118 0
 2534 0314 0D305BE5 		ldrb	r3, [fp, #-13]	@ zero_extendqisi2
 2535 0318 040053E3 		cmp	r3, #4
 2536 031c 0200000A 		beq	.L20
 2537 0320 080053E3 		cmp	r3, #8
 2538 0324 0400000A 		beq	.L21
 2539 0328 070000EA 		b	.L23
 2540              	.L20:
 119:../timer3.c   ****         {
 120:../timer3.c   ****                 case EVENTO_BOTON_IZQUIERDO:
 121:../timer3.c   ****                         mascara_boton = BOTON_MASK_EINT6;
 2541              		.loc 1 121 0
 2542 032c 94309FE5 		ldr	r3, .L24+4
 2543 0330 4020A0E3 		mov	r2, #64
 2544 0334 002083E5 		str	r2, [r3, #0]
 122:../timer3.c   ****                         break;
 2545              		.loc 1 122 0
 2546 0338 050000EA 		b	.L22
 2547              	.L21:
 123:../timer3.c   ****                 case EVENTO_BOTON_DERECHO:
 124:../timer3.c   ****                         mascara_boton = BOTON_MASK_EINT7;
 2548              		.loc 1 124 0
 2549 033c 84309FE5 		ldr	r3, .L24+4
 2550 0340 8020A0E3 		mov	r2, #128
 2551 0344 002083E5 		str	r2, [r3, #0]
 125:../timer3.c   ****                         break;
 2552              		.loc 1 125 0
 2553 0348 010000EA 		b	.L22
 2554              	.L23:
 126:../timer3.c   ****                 default:
 127:../timer3.c   ****                         return 0;
 2555              		.loc 1 127 0
 2556 034c 0030A0E3 		mov	r3, #0
 2557 0350 170000EA 		b	.L18
 2558              	.L22:
 128:../timer3.c   ****         }
 129:../timer3.c   **** 
 130:../timer3.c   ****         boton_en_proceso = boton_id;
 2559              		.loc 1 130 0
 2560 0354 70309FE5 		ldr	r3, .L24+8
 2561 0358 0D205BE5 		ldrb	r2, [fp, #-13]
 2562 035c 0020C3E5 		strb	r2, [r3, #0]
 131:../timer3.c   ****         estado_actual = REBOTE_PRESION;
 2563              		.loc 1 131 0
 2564 0360 5C309FE5 		ldr	r3, .L24
 2565 0364 0120A0E3 		mov	r2, #1
 2566 0368 0020C3E5 		strb	r2, [r3, #0]
 132:../timer3.c   ****         contador_ms = TIMER3_TRP_MS;
 2567              		.loc 1 132 0
 2568 036c 5C309FE5 		ldr	r3, .L24+12
 2569 0370 1E20A0E3 		mov	r2, #30
 2570 0374 002083E5 		str	r2, [r3, #0]
 133:../timer3.c   ****         monitor_ms = TIMER3_MONITOR_MS;
 2571              		.loc 1 133 0
 2572 0378 54309FE5 		ldr	r3, .L24+16
 2573 037c 6420A0E3 		mov	r2, #100
 2574 0380 002083E5 		str	r2, [r3, #0]
 134:../timer3.c   **** 
 135:../timer3.c   ****         /* Deshabilitar las interrupciones de los botones */
 136:../timer3.c   ****         rINTMSK |= BIT_EINT4567;
 2575              		.loc 1 136 0
 2576 0384 4C309FE5 		ldr	r3, .L24+20
 2577 0388 48209FE5 		ldr	r2, .L24+20
 2578 038c 002092E5 		ldr	r2, [r2, #0]
 2579 0390 022682E3 		orr	r2, r2, #2097152
 2580 0394 002083E5 		str	r2, [r3, #0]
 137:../timer3.c   **** 
 138:../timer3.c   ****         /* Preparar y arrancar el temporizador */
 139:../timer3.c   ****         timer3_preparar_tick();
 2581              		.loc 1 139 0
 2582 0398 3FFFFFEB 		bl	timer3_preparar_tick
 140:../timer3.c   **** 
 141:../timer3.c   ****         /* Habilitar la interrupción del timer3 */
 142:../timer3.c   ****         rINTMSK &= ~(BIT_TIMER3);
 2583              		.loc 1 142 0
 2584 039c 34309FE5 		ldr	r3, .L24+20
 2585 03a0 30209FE5 		ldr	r2, .L24+20
 2586 03a4 002092E5 		ldr	r2, [r2, #0]
 2587 03a8 012BC2E3 		bic	r2, r2, #1024
 2588 03ac 002083E5 		str	r2, [r3, #0]
 143:../timer3.c   **** 
 144:../timer3.c   ****         return 1;
 2589              		.loc 1 144 0
 2590 03b0 0130A0E3 		mov	r3, #1
 2591              	.L18:
 145:../timer3.c   **** }
 2592              		.loc 1 145 0
 2593 03b4 0300A0E1 		mov	r0, r3
 2594 03b8 0CD04BE2 		sub	sp, fp, #12
 2595 03bc 00689DE8 		ldmfd	sp, {fp, sp, lr}
 2596 03c0 1EFF2FE1 		bx	lr
 2597              	.L25:
 2598              		.align	2
 2599              	.L24:
 2600 03c4 00000000 		.word	estado_actual
 2601 03c8 10000000 		.word	mascara_boton
 2602 03cc 0C000000 		.word	boton_en_proceso
 2603 03d0 04000000 		.word	contador_ms
 2604 03d4 08000000 		.word	monitor_ms
 2605 03d8 0C00E001 		.word	31457292
 2606              		.cfi_endproc
 2607              	.LFE5:
 2609              		.align	2
 2610              		.global	timer3_esta_ocupado
 2612              	timer3_esta_ocupado:
 2613              	.LFB6:
 146:../timer3.c   **** 
 147:../timer3.c   **** int timer3_esta_ocupado(void)
 148:../timer3.c   **** {
 2614              		.loc 1 148 0
 2615              		.cfi_startproc
 2616              		@ Function supports interworking.
 2617              		@ args = 0, pretend = 0, frame = 0
 2618              		@ frame_needed = 1, uses_anonymous_args = 0
 2619 03dc 0DC0A0E1 		mov	ip, sp
 2620              	.LCFI12:
 2621              		.cfi_def_cfa_register 12
 2622 03e0 00D82DE9 		stmfd	sp!, {fp, ip, lr, pc}
 2623 03e4 04B04CE2 		sub	fp, ip, #4
 2624              		.cfi_offset 14, -8
 2625              		.cfi_offset 13, -12
 2626              		.cfi_offset 11, -16
 2627              	.LCFI13:
 2628              		.cfi_def_cfa 11, 4
 149:../timer3.c   ****         return (estado_actual != ESPERANDO_PULSACION);
 2629              		.loc 1 149 0
 2630 03e8 20309FE5 		ldr	r3, .L27
 2631 03ec 0030D3E5 		ldrb	r3, [r3, #0]
 2632 03f0 FF3003E2 		and	r3, r3, #255
 2633 03f4 000053E3 		cmp	r3, #0
 2634 03f8 0030A003 		moveq	r3, #0
 2635 03fc 0130A013 		movne	r3, #1
 150:../timer3.c   **** }
 2636              		.loc 1 150 0
 2637 0400 0300A0E1 		mov	r0, r3
 2638 0404 0CD04BE2 		sub	sp, fp, #12
 2639 0408 00689DE8 		ldmfd	sp, {fp, sp, lr}
 2640 040c 1EFF2FE1 		bx	lr
 2641              	.L28:
 2642              		.align	2
 2643              	.L27:
 2644 0410 00000000 		.word	estado_actual
 2645              		.cfi_endproc
 2646              	.LFE6:
 2648              		.align	2
 2649              		.global	timer3_ISR
 2651              	timer3_ISR:
 2652              	.LFB7:
 151:../timer3.c   **** 
 152:../timer3.c   **** /*--- Código de la ISR ---*/
 153:../timer3.c   **** void timer3_ISR(void)
 154:../timer3.c   **** {
 2653              		.loc 1 154 0
 2654              		.cfi_startproc
 2655              		@ Interrupt Service Routine.
 2656              		@ args = 0, pretend = 0, frame = 0
 2657              		@ frame_needed = 1, uses_anonymous_args = 0
 2658 0414 04C02DE5 		str	ip, [sp, #-4]!
 2659 0418 0DC0A0E1 		mov	ip, sp
 2660              	.LCFI14:
 2661              		.cfi_def_cfa_register 12
 2662 041c 0FD82DE9 		stmfd	sp!, {r0, r1, r2, r3, fp, ip, lr, pc}
 2663 0420 04B04CE2 		sub	fp, ip, #4
 2664              		.cfi_offset 14, -8
 2665              		.cfi_offset 13, -12
 2666              		.cfi_offset 11, -16
 2667              		.cfi_offset 3, -20
 2668              		.cfi_offset 2, -24
 2669              		.cfi_offset 1, -28
 2670              		.cfi_offset 0, -32
 2671              	.LCFI15:
 2672              		.cfi_def_cfa 11, 4
 155:../timer3.c   ****         switch (estado_actual)
 2673              		.loc 1 155 0
 2674 0424 88319FE5 		ldr	r3, .L47
 2675 0428 0030D3E5 		ldrb	r3, [r3, #0]
 2676 042c FF3003E2 		and	r3, r3, #255
 2677 0430 020053E3 		cmp	r3, #2
 2678 0434 2300000A 		beq	.L32
 2679 0438 030053E3 		cmp	r3, #3
 2680 043c 3D00000A 		beq	.L33
 2681 0440 010053E3 		cmp	r3, #1
 2682 0444 4A00001A 		bne	.L43
 2683              	.L31:
 156:../timer3.c   ****         {
 157:../timer3.c   ****                 case REBOTE_PRESION:
 158:../timer3.c   ****                         if (contador_ms > 0)
 2684              		.loc 1 158 0
 2685 0448 68319FE5 		ldr	r3, .L47+4
 2686 044c 003093E5 		ldr	r3, [r3, #0]
 2687 0450 000053E3 		cmp	r3, #0
 2688 0454 0400000A 		beq	.L34
 159:../timer3.c   ****                         {
 160:../timer3.c   ****                                 contador_ms -= TIMER3_TICK_MS;
 2689              		.loc 1 160 0
 2690 0458 58319FE5 		ldr	r3, .L47+4
 2691 045c 003093E5 		ldr	r3, [r3, #0]
 2692 0460 012043E2 		sub	r2, r3, #1
 2693 0464 4C319FE5 		ldr	r3, .L47+4
 2694 0468 002083E5 		str	r2, [r3, #0]
 2695              	.L34:
 161:../timer3.c   ****                         }
 162:../timer3.c   ****                         if (contador_ms == 0)
 2696              		.loc 1 162 0
 2697 046c 44319FE5 		ldr	r3, .L47+4
 2698 0470 003093E5 		ldr	r3, [r3, #0]
 2699 0474 000053E3 		cmp	r3, #0
 2700 0478 3F00001A 		bne	.L44
 163:../timer3.c   ****                         {
 164:../timer3.c   ****                                 /* Notificar la pulsación validada (cuando se confirma que está p
 165:../timer3.c   ****                                 if (callback_validacion)
 2701              		.loc 1 165 0
 2702 047c 38319FE5 		ldr	r3, .L47+8
 2703 0480 003093E5 		ldr	r3, [r3, #0]
 2704 0484 000053E3 		cmp	r3, #0
 2705 0488 0700000A 		beq	.L36
 166:../timer3.c   ****                                 {
 167:../timer3.c   ****                                         callback_validacion(boton_en_proceso);
 2706              		.loc 1 167 0
 2707 048c 28319FE5 		ldr	r3, .L47+8
 2708 0490 003093E5 		ldr	r3, [r3, #0]
 2709 0494 24219FE5 		ldr	r2, .L47+12
 2710 0498 0020D2E5 		ldrb	r2, [r2, #0]
 2711 049c FF2002E2 		and	r2, r2, #255
 2712 04a0 0200A0E1 		mov	r0, r2
 2713 04a4 0FE0A0E1 		mov	lr, pc
 2714 04a8 13FF2FE1 		bx	r3
 2715              	.L36:
 168:../timer3.c   ****                                 }
 169:../timer3.c   ****                                 
 170:../timer3.c   ****                                 estado_actual = MONITORIZANDO;
 2716              		.loc 1 170 0
 2717 04ac 00319FE5 		ldr	r3, .L47
 2718 04b0 0220A0E3 		mov	r2, #2
 2719 04b4 0020C3E5 		strb	r2, [r3, #0]
 171:../timer3.c   ****                                 monitor_ms = TIMER3_MONITOR_MS;
 2720              		.loc 1 171 0
 2721 04b8 04319FE5 		ldr	r3, .L47+16
 2722 04bc 6420A0E3 		mov	r2, #100
 2723 04c0 002083E5 		str	r2, [r3, #0]
 172:../timer3.c   ****                         }
 173:../timer3.c   ****                         break;
 2724              		.loc 1 173 0
 2725 04c4 310000EA 		b	.L37
 2726              	.L32:
 174:../timer3.c   **** 
 175:../timer3.c   ****                 case MONITORIZANDO:
 176:../timer3.c   ****                         if (monitor_ms > 0)
 2727              		.loc 1 176 0
 2728 04c8 F4309FE5 		ldr	r3, .L47+16
 2729 04cc 003093E5 		ldr	r3, [r3, #0]
 2730 04d0 000053E3 		cmp	r3, #0
 2731 04d4 0400000A 		beq	.L38
 177:../timer3.c   ****                         {
 178:../timer3.c   ****                                 monitor_ms -= TIMER3_TICK_MS;
 2732              		.loc 1 178 0
 2733 04d8 E4309FE5 		ldr	r3, .L47+16
 2734 04dc 003093E5 		ldr	r3, [r3, #0]
 2735 04e0 012043E2 		sub	r2, r3, #1
 2736 04e4 D8309FE5 		ldr	r3, .L47+16
 2737 04e8 002083E5 		str	r2, [r3, #0]
 2738              	.L38:
 179:../timer3.c   ****                         }
 180:../timer3.c   ****                         if (monitor_ms == 0)
 2739              		.loc 1 180 0
 2740 04ec D0309FE5 		ldr	r3, .L47+16
 2741 04f0 003093E5 		ldr	r3, [r3, #0]
 2742 04f4 000053E3 		cmp	r3, #0
 2743 04f8 2100001A 		bne	.L45
 181:../timer3.c   ****                         {
 182:../timer3.c   ****                                 if (boton_sigue_pulsado())
 2744              		.loc 1 182 0
 2745 04fc BFFEFFEB 		bl	boton_sigue_pulsado
 2746 0500 0030A0E1 		mov	r3, r0
 2747 0504 000053E3 		cmp	r3, #0
 2748 0508 0300000A 		beq	.L40
 183:../timer3.c   ****                                 {
 184:../timer3.c   ****                                         monitor_ms = TIMER3_MONITOR_MS;
 2749              		.loc 1 184 0
 2750 050c B0309FE5 		ldr	r3, .L47+16
 2751 0510 6420A0E3 		mov	r2, #100
 2752 0514 002083E5 		str	r2, [r3, #0]
 185:../timer3.c   ****                                 }
 186:../timer3.c   ****                                 else
 187:../timer3.c   ****                                 {
 188:../timer3.c   ****                                         estado_actual = REBOTE_DEPRESION;
 189:../timer3.c   ****                                         contador_ms = TIMER3_TRD_MS;
 190:../timer3.c   ****                                 }
 191:../timer3.c   ****                         }
 192:../timer3.c   ****                         break;
 2753              		.loc 1 192 0
 2754 0518 1C0000EA 		b	.L37
 2755              	.L40:
 188:../timer3.c   ****                                         estado_actual = REBOTE_DEPRESION;
 2756              		.loc 1 188 0
 2757 051c 90309FE5 		ldr	r3, .L47
 2758 0520 0320A0E3 		mov	r2, #3
 2759 0524 0020C3E5 		strb	r2, [r3, #0]
 189:../timer3.c   ****                                         contador_ms = TIMER3_TRD_MS;
 2760              		.loc 1 189 0
 2761 0528 88309FE5 		ldr	r3, .L47+4
 2762 052c 1E20A0E3 		mov	r2, #30
 2763 0530 002083E5 		str	r2, [r3, #0]
 2764              		.loc 1 192 0
 2765 0534 150000EA 		b	.L37
 2766              	.L33:
 193:../timer3.c   **** 
 194:../timer3.c   ****                 case REBOTE_DEPRESION:
 195:../timer3.c   ****                         if (contador_ms > 0)
 2767              		.loc 1 195 0
 2768 0538 78309FE5 		ldr	r3, .L47+4
 2769 053c 003093E5 		ldr	r3, [r3, #0]
 2770 0540 000053E3 		cmp	r3, #0
 2771 0544 0400000A 		beq	.L41
 196:../timer3.c   ****                         {
 197:../timer3.c   ****                                 contador_ms -= TIMER3_TICK_MS;
 2772              		.loc 1 197 0
 2773 0548 68309FE5 		ldr	r3, .L47+4
 2774 054c 003093E5 		ldr	r3, [r3, #0]
 2775 0550 012043E2 		sub	r2, r3, #1
 2776 0554 5C309FE5 		ldr	r3, .L47+4
 2777 0558 002083E5 		str	r2, [r3, #0]
 2778              	.L41:
 198:../timer3.c   ****                         }
 199:../timer3.c   ****                         if (contador_ms == 0)
 2779              		.loc 1 199 0
 2780 055c 54309FE5 		ldr	r3, .L47+4
 2781 0560 003093E5 		ldr	r3, [r3, #0]
 2782 0564 000053E3 		cmp	r3, #0
 2783 0568 0700001A 		bne	.L46
 200:../timer3.c   ****                         {
 201:../timer3.c   ****                                 finalizar_antirrebote();
 2784              		.loc 1 201 0
 2785 056c E5FEFFEB 		bl	finalizar_antirrebote
 202:../timer3.c   ****                         }
 203:../timer3.c   ****                         break;
 2786              		.loc 1 203 0
 2787 0570 060000EA 		b	.L37
 2788              	.L43:
 204:../timer3.c   **** 
 205:../timer3.c   ****                 default:
 206:../timer3.c   ****                         break;
 2789              		.loc 1 206 0
 2790 0574 0000A0E1 		mov	r0, r0	@ nop
 2791 0578 040000EA 		b	.L37
 2792              	.L44:
 173:../timer3.c   ****                         break;
 2793              		.loc 1 173 0
 2794 057c 0000A0E1 		mov	r0, r0	@ nop
 2795 0580 020000EA 		b	.L37
 2796              	.L45:
 192:../timer3.c   ****                         break;
 2797              		.loc 1 192 0
 2798 0584 0000A0E1 		mov	r0, r0	@ nop
 2799 0588 000000EA 		b	.L37
 2800              	.L46:
 203:../timer3.c   ****                         break;
 2801              		.loc 1 203 0
 2802 058c 0000A0E1 		mov	r0, r0	@ nop
 2803              	.L37:
 207:../timer3.c   ****         }
 208:../timer3.c   **** 
 209:../timer3.c   ****         /* Limpiar la petición de interrupción */
 210:../timer3.c   ****         rI_ISPC |= BIT_TIMER3;
 2804              		.loc 1 210 0
 2805 0590 30309FE5 		ldr	r3, .L47+20
 2806 0594 2C209FE5 		ldr	r2, .L47+20
 2807 0598 002092E5 		ldr	r2, [r2, #0]
 2808 059c 012B82E3 		orr	r2, r2, #1024
 2809 05a0 002083E5 		str	r2, [r3, #0]
 211:../timer3.c   **** }
 2810              		.loc 1 211 0
 2811 05a4 1CD04BE2 		sub	sp, fp, #28
 2812 05a8 0F689DE8 		ldmfd	sp, {r0, r1, r2, r3, fp, sp, lr}
 2813 05ac 04C09DE4 		ldmfd	sp!, {ip}
 2814 05b0 04F05EE2 		subs	pc, lr, #4
 2815              	.L48:
 2816              		.align	2
 2817              	.L47:
 2818 05b4 00000000 		.word	estado_actual
 2819 05b8 04000000 		.word	contador_ms
 2820 05bc 14000000 		.word	callback_validacion
 2821 05c0 0C000000 		.word	boton_en_proceso
 2822 05c4 08000000 		.word	monitor_ms
 2823 05c8 2400E001 		.word	31457316
 2824              		.cfi_endproc
 2825              	.LFE7:
 2827              	.Letext0:
DEFINED SYMBOLS
                            *ABS*:00000000 timer3.c
C:\Users\jaime\AppData\Local\Temp\cc0ZEekH.s:2152   .bss:00000000 estado_actual
C:\Users\jaime\AppData\Local\Temp\cc0ZEekH.s:2153   .bss:00000000 $d
C:\Users\jaime\AppData\Local\Temp\cc0ZEekH.s:2155   .bss:00000004 contador_ms
C:\Users\jaime\AppData\Local\Temp\cc0ZEekH.s:2158   .bss:00000008 monitor_ms
C:\Users\jaime\AppData\Local\Temp\cc0ZEekH.s:2160   .bss:0000000c boton_en_proceso
C:\Users\jaime\AppData\Local\Temp\cc0ZEekH.s:2163   .bss:00000010 mascara_boton
C:\Users\jaime\AppData\Local\Temp\cc0ZEekH.s:2166   .bss:00000014 callback_validacion
C:\Users\jaime\AppData\Local\Temp\cc0ZEekH.s:2169   .text:00000000 $a
C:\Users\jaime\AppData\Local\Temp\cc0ZEekH.s:2171   .text:00000000 boton_sigue_pulsado
C:\Users\jaime\AppData\Local\Temp\cc0ZEekH.s:2210   .text:0000004c $d
C:\Users\jaime\AppData\Local\Temp\cc0ZEekH.s:2215   .text:00000054 $a
C:\Users\jaime\AppData\Local\Temp\cc0ZEekH.s:2217   .text:00000054 timer3_detener
C:\Users\jaime\AppData\Local\Temp\cc0ZEekH.s:2253   .text:00000094 $d
C:\Users\jaime\AppData\Local\Temp\cc0ZEekH.s:2258   .text:0000009c $a
C:\Users\jaime\AppData\Local\Temp\cc0ZEekH.s:2260   .text:0000009c timer3_preparar_tick
C:\Users\jaime\AppData\Local\Temp\cc0ZEekH.s:2306   .text:000000fc $d
C:\Users\jaime\AppData\Local\Temp\cc0ZEekH.s:2312   .text:00000108 $a
C:\Users\jaime\AppData\Local\Temp\cc0ZEekH.s:2314   .text:00000108 finalizar_antirrebote
C:\Users\jaime\AppData\Local\Temp\cc0ZEekH.s:2376   .text:00000194 $d
C:\Users\jaime\AppData\Local\Temp\cc0ZEekH.s:2387   .text:000001b4 $a
C:\Users\jaime\AppData\Local\Temp\cc0ZEekH.s:2390   .text:000001b4 timer3_init
C:\Users\jaime\AppData\Local\Temp\cc0ZEekH.s:2483   .text:000002a8 $d
C:\Users\jaime\AppData\Local\Temp\cc0ZEekH.s:2651   .text:00000414 timer3_ISR
C:\Users\jaime\AppData\Local\Temp\cc0ZEekH.s:2500   .text:000002e0 $a
C:\Users\jaime\AppData\Local\Temp\cc0ZEekH.s:2503   .text:000002e0 timer3_start_antirrebote
C:\Users\jaime\AppData\Local\Temp\cc0ZEekH.s:2600   .text:000003c4 $d
C:\Users\jaime\AppData\Local\Temp\cc0ZEekH.s:2609   .text:000003dc $a
C:\Users\jaime\AppData\Local\Temp\cc0ZEekH.s:2612   .text:000003dc timer3_esta_ocupado
C:\Users\jaime\AppData\Local\Temp\cc0ZEekH.s:2644   .text:00000410 $d
C:\Users\jaime\AppData\Local\Temp\cc0ZEekH.s:2648   .text:00000414 $a
C:\Users\jaime\AppData\Local\Temp\cc0ZEekH.s:2818   .text:000005b4 $d
                     .debug_frame:00000010 $d

NO UNDEFINED SYMBOLS
